Archive member included because of file (symbol)

/opt/toolchains/gen//m68k-elf/lib/libmd.a(sys.o)
                              boot/sega.o (registerState)
/opt/toolchains/gen//m68k-elf/lib/libmd.a(vdp.o)
                              /opt/toolchains/gen//m68k-elf/lib/libmd.a(sys.o) (VDP_init)
/opt/toolchains/gen//m68k-elf/lib/libmd.a(dma.o)
                              /opt/toolchains/gen//m68k-elf/lib/libmd.a(sys.o) (DMA_flushQueue)
/opt/toolchains/gen//m68k-elf/lib/libmd.a(tools.o)
                              /opt/toolchains/gen//m68k-elf/lib/libmd.a(vdp.o) (getFPS)
/opt/toolchains/gen//m68k-elf/lib/libmd.a(memory.o)
                              /opt/toolchains/gen//m68k-elf/lib/libmd.a(sys.o) (MEM_init)
/opt/toolchains/gen//m68k-elf/lib/libmd.a(timer.o)
                              /opt/toolchains/gen//m68k-elf/lib/libmd.a(tools.o) (getSubTick)
/opt/toolchains/gen//m68k-elf/lib/libmd.a(z80_ctrl.o)
                              /opt/toolchains/gen//m68k-elf/lib/libmd.a(sys.o) (Z80_init)
/opt/toolchains/gen//m68k-elf/lib/libmd.a(sound.o)
                              /opt/toolchains/gen//m68k-elf/lib/libmd.a(sys.o) (SND_set68KBUSProtection_XGM)
/opt/toolchains/gen//m68k-elf/lib/libmd.a(ym2612.o)
                              /opt/toolchains/gen//m68k-elf/lib/libmd.a(z80_ctrl.o) (YM2612_reset)
/opt/toolchains/gen//m68k-elf/lib/libmd.a(vdp_pal.o)
                              /opt/toolchains/gen//m68k-elf/lib/libmd.a(sys.o) (VDP_doStepFading)
/opt/toolchains/gen//m68k-elf/lib/libmd.a(psg.o)
                              /opt/toolchains/gen//m68k-elf/lib/libmd.a(sys.o) (PSG_init)
/opt/toolchains/gen//m68k-elf/lib/libmd.a(z80_vgm.o)
                              /opt/toolchains/gen//m68k-elf/lib/libmd.a(z80_ctrl.o) (z80_vgm)
/opt/toolchains/gen//m68k-elf/lib/libmd.a(vdp_tile.o)
                              /opt/toolchains/gen//m68k-elf/lib/libmd.a(vdp.o) (VDP_loadFont)
/opt/toolchains/gen//m68k-elf/lib/libmd.a(vdp_spr.o)
                              /opt/toolchains/gen//m68k-elf/lib/libmd.a(vdp.o) (VDP_resetSprites)
/opt/toolchains/gen//m68k-elf/lib/libmd.a(tab_cnv.o)
                              /opt/toolchains/gen//m68k-elf/lib/libmd.a(vdp_tile.o) (cnv_8to32_tab)
/opt/toolchains/gen//m68k-elf/lib/libmd.a(vdp_dma.o)
                              /opt/toolchains/gen//m68k-elf/lib/libmd.a(vdp_tile.o) (VDP_doDMA)
/opt/toolchains/gen//m68k-elf/lib/libmd.a(bmp.o)
                              /opt/toolchains/gen//m68k-elf/lib/libmd.a(sys.o) (BMP_doVBlankProcess)
/opt/toolchains/gen//m68k-elf/lib/libmd.a(tile_cache.o)
                              /opt/toolchains/gen//m68k-elf/lib/libmd.a(sys.o) (uploads)
/opt/toolchains/gen//m68k-elf/lib/libmd.a(vdp_bg.o)
                              /opt/toolchains/gen//m68k-elf/lib/libmd.a(vdp.o) (VDP_setVerticalScroll)
/opt/toolchains/gen//m68k-elf/lib/libmd.a(smp_null_pcm.o)
                              /opt/toolchains/gen//m68k-elf/lib/libmd.a(z80_ctrl.o) (smp_null_pcm)
/opt/toolchains/gen//m68k-elf/lib/libmd.a(vdp_tile_a.o)
                              /opt/toolchains/gen//m68k-elf/lib/libmd.a(vdp_tile.o) (VDP_loadTileData)
/opt/toolchains/gen//m68k-elf/lib/libmd.a(memory_a.o)
                              /opt/toolchains/gen//m68k-elf/lib/libmd.a(memory.o) (memset)
/opt/toolchains/gen//m68k-elf/lib/libmd.a(vdp_pal_a.o)
                              /opt/toolchains/gen//m68k-elf/lib/libmd.a(vdp_pal.o) (VDP_getPaletteColors)
/opt/toolchains/gen//m68k-elf/lib/libmd.a(sys_a.o)
                              /opt/toolchains/gen//m68k-elf/lib/libmd.a(timer.o) (SYS_getInterruptMaskLevel)
/opt/toolchains/gen//m68k-elf/lib/libmd.a(kdebug.o)
                              /opt/toolchains/gen//m68k-elf/lib/libmd.a(tools.o) (KDebug_Alert)
/opt/toolchains/gen//m68k-elf/lib/libmd.a(smp_null.o)
                              /opt/toolchains/gen//m68k-elf/lib/libmd.a(z80_ctrl.o) (smp_null)
/opt/toolchains/gen//m68k-elf/lib/libmd.a(bmp_a.o)
                              /opt/toolchains/gen//m68k-elf/lib/libmd.a(bmp.o) (clearBitmapBuffer)
/opt/toolchains/gen//m68k-elf/lib/libmd.a(tools_a.o)
                              /opt/toolchains/gen//m68k-elf/lib/libmd.a(tools.o) (aplib_unpack)
/opt/toolchains/gen//m68k-elf/lib/libmd.a(z80_drv1.o)
                              /opt/toolchains/gen//m68k-elf/lib/libmd.a(z80_ctrl.o) (z80_drv1)
/opt/toolchains/gen//m68k-elf/lib/libmd.a(z80_tfm.o)
                              /opt/toolchains/gen//m68k-elf/lib/libmd.a(z80_ctrl.o) (z80_tfm)
/opt/toolchains/gen//m68k-elf/lib/libmd.a(z80_drv2.o)
                              /opt/toolchains/gen//m68k-elf/lib/libmd.a(z80_ctrl.o) (z80_drv2)
/opt/toolchains/gen//m68k-elf/lib/libmd.a(z80_drv3.o)
                              /opt/toolchains/gen//m68k-elf/lib/libmd.a(z80_ctrl.o) (z80_drv3)
/opt/toolchains/gen//m68k-elf/lib/libmd.a(z80_xgm.o)
                              /opt/toolchains/gen//m68k-elf/lib/libmd.a(z80_ctrl.o) (z80_xgm)
/opt/toolchains/gen//m68k-elf/lib/libmd.a(z80_mvs.o)
                              /opt/toolchains/gen//m68k-elf/lib/libmd.a(z80_ctrl.o) (z80_mvs)
/opt/toolchains/gen//m68k-elf/lib/libmd.a(libres.o)
                              /opt/toolchains/gen//m68k-elf/lib/libmd.a(vdp.o) (font_lib)
/opt/toolchains/gen//m68k-elf/lib/libmd.a(tab_vol.o)
                              /opt/toolchains/gen//m68k-elf/lib/libmd.a(z80_ctrl.o) (tab_vol)
/opt/toolchains/gen//m68k-elf/lib/libmd.a(maths.o)
                              /opt/toolchains/gen//m68k-elf/lib/libmd.a(sys.o) (randbase)
/opt/toolchains/gen//m68k-elf/lib/libmd.a(string.o)
                              /opt/toolchains/gen//m68k-elf/lib/libmd.a(sys.o) (strlen)
/opt/toolchains/gen//m68k-elf/lib/libmd.a(joy.o)
                              /opt/toolchains/gen//m68k-elf/lib/libmd.a(sys.o) (JOY_init)
/opt/toolchains/gen//m68k-elf/lib/libmd.a(types.o)
                              /opt/toolchains/gen//m68k-elf/lib/libmd.a(z80_ctrl.o) (getZeroU8)
/opt/toolchains/gen//m68k-elf/lib/gcc/m68k-elf/4.8.2/libgcc.a(_mulsi3.o)
                              /opt/toolchains/gen//m68k-elf/lib/libmd.a(tools.o) (__mulsi3)
/opt/toolchains/gen//m68k-elf/lib/gcc/m68k-elf/4.8.2/libgcc.a(_udivsi3.o)
                              /opt/toolchains/gen//m68k-elf/lib/libmd.a(tools.o) (__udivsi3)
/opt/toolchains/gen//m68k-elf/lib/gcc/m68k-elf/4.8.2/libgcc.a(_divsi3.o)
                              /opt/toolchains/gen//m68k-elf/lib/libmd.a(vdp_pal.o) (__divsi3)
/opt/toolchains/gen//m68k-elf/lib/gcc/m68k-elf/4.8.2/libgcc.a(_umodsi3.o)
                              /opt/toolchains/gen//m68k-elf/lib/libmd.a(string.o) (__umodsi3)
/opt/toolchains/gen//m68k-elf/lib/libmd.a(tab_sin.o)
                              main.o (sintab16)
/opt/toolchains/gen//m68k-elf/lib/libmd.a(maths3D.o)
                              sme/sme_framebuffer.o (M3D_reset)
/opt/toolchains/gen//m68k-elf/lib/libmd.a(maths3D_a.o)
                              sme/sme_scene.o (M3D_transform)

Allocating common symbols
Common symbol       size              file

smeFRAMEBUFFER      0x4               sme/sme_framebuffer.o
illegalInstCB       0x4               /opt/toolchains/gen//m68k-elf/lib/libmd.a(sys.o)
slist_adr           0x2               /opt/toolchains/gen//m68k-elf/lib/libmd.a(vdp.o)
errorExceptionCB    0x4               /opt/toolchains/gen//m68k-elf/lib/libmd.a(sys.o)
trapvInstCB         0x4               /opt/toolchains/gen//m68k-elf/lib/libmd.a(sys.o)
vtimer              0x4               /opt/toolchains/gen//m68k-elf/lib/libmd.a(timer.o)
driverFlags         0x2               /opt/toolchains/gen//m68k-elf/lib/libmd.a(z80_ctrl.o)
dmaQueues           0x200             /opt/toolchains/gen//m68k-elf/lib/libmd.a(dma.o)
chkInstCB           0x4               /opt/toolchains/gen//m68k-elf/lib/libmd.a(sys.o)
smeSCENE            0x2470            sme/sme_scene.o
registerState       0x40              /opt/toolchains/gen//m68k-elf/lib/libmd.a(sys.o)
context3D           0xe               /opt/toolchains/gen//m68k-elf/lib/libmd.a(maths3D.o)
smeSCREEN_Height16  0x2               sme/sme_vdp.o
smePLAN_HEIGHT      0x2               sme/sme_vdp.o
smeSCREEN_Width16   0x2               sme/sme_vdp.o
text_basetile       0x2               /opt/toolchains/gen//m68k-elf/lib/libmd.a(vdp_bg.o)
bmp_buffer_write    0x4               /opt/toolchains/gen//m68k-elf/lib/libmd.a(bmp.o)
srState             0x2               /opt/toolchains/gen//m68k-elf/lib/libmd.a(sys.o)
smeFRAMEBUFFER_Offsets
                    0x4               sme/sme_framebuffer.o
line1x1xCB          0x4               /opt/toolchains/gen//m68k-elf/lib/libmd.a(sys.o)
smeSCREEN_Height8   0x2               sme/sme_vdp.o
randbase            0x2               /opt/toolchains/gen//m68k-elf/lib/libmd.a(maths.o)
ext2State           0x2               /opt/toolchains/gen//m68k-elf/lib/libmd.a(sys.o)
traceCB             0x4               /opt/toolchains/gen//m68k-elf/lib/libmd.a(sys.o)
intTrace            0x2               /opt/toolchains/gen//m68k-elf/lib/libmd.a(sys.o)
zeroDivideCB        0x4               /opt/toolchains/gen//m68k-elf/lib/libmd.a(sys.o)
curTileInd          0x2               /opt/toolchains/gen//m68k-elf/lib/libmd.a(vdp_bg.o)
hscrl_adr           0x2               /opt/toolchains/gen//m68k-elf/lib/libmd.a(vdp.o)
internalExtIntCB    0x4               /opt/toolchains/gen//m68k-elf/lib/libmd.a(sys.o)
spriteNum           0x2               /opt/toolchains/gen//m68k-elf/lib/libmd.a(vdp_spr.o)
text_plan           0x4               /opt/toolchains/gen//m68k-elf/lib/libmd.a(vdp_bg.o)
screenHeight        0x2               /opt/toolchains/gen//m68k-elf/lib/libmd.a(vdp.o)
internalVIntCB      0x4               /opt/toolchains/gen//m68k-elf/lib/libmd.a(sys.o)
smeSCREEN_Width8    0x2               sme/sme_vdp.o
intCB               0x4               /opt/toolchains/gen//m68k-elf/lib/libmd.a(sys.o)
smeINPUT_States     0x10              sme/sme_input.o
screenWidth         0x2               /opt/toolchains/gen//m68k-elf/lib/libmd.a(vdp.o)
addressErrorCB      0x4               /opt/toolchains/gen//m68k-elf/lib/libmd.a(sys.o)
bmp_buffer_read     0x4               /opt/toolchains/gen//m68k-elf/lib/libmd.a(bmp.o)
VIntProcess         0x4               /opt/toolchains/gen//m68k-elf/lib/libmd.a(sys.o)
currentDriver       0x2               /opt/toolchains/gen//m68k-elf/lib/libmd.a(z80_ctrl.o)
vdpSpriteCache      0x280             /opt/toolchains/gen//m68k-elf/lib/libmd.a(vdp_spr.o)
smeINPUT_Value      0x2               sme/sme_input.o
uploads             0x4               /opt/toolchains/gen//m68k-elf/lib/libmd.a(tile_cache.o)
smePLAN_WIDTH       0x2               sme/sme_vdp.o
ExtIntProcess       0x4               /opt/toolchains/gen//m68k-elf/lib/libmd.a(sys.o)
aplan_adr           0x2               /opt/toolchains/gen//m68k-elf/lib/libmd.a(vdp.o)
bplan_adr           0x2               /opt/toolchains/gen//m68k-elf/lib/libmd.a(vdp.o)
HIntProcess         0x4               /opt/toolchains/gen//m68k-elf/lib/libmd.a(sys.o)
privilegeViolationCB
                    0x4               /opt/toolchains/gen//m68k-elf/lib/libmd.a(sys.o)
pcState             0x4               /opt/toolchains/gen//m68k-elf/lib/libmd.a(sys.o)
ext1State           0x2               /opt/toolchains/gen//m68k-elf/lib/libmd.a(sys.o)
busErrorCB          0x4               /opt/toolchains/gen//m68k-elf/lib/libmd.a(sys.o)
internalHIntCB      0x4               /opt/toolchains/gen//m68k-elf/lib/libmd.a(sys.o)
smeSCREEN_Height2   0x2               sme/sme_vdp.o
window_adr          0x2               /opt/toolchains/gen//m68k-elf/lib/libmd.a(vdp.o)
smeSCREEN_Width2    0x2               sme/sme_vdp.o
addrState           0x4               /opt/toolchains/gen//m68k-elf/lib/libmd.a(sys.o)

Memory Configuration

Name             Origin             Length             Attributes
rom              0x0000000000000000 0x0000000000a00000
ram              0x0000000000ff0000 0x0000000000010000
*default*        0x0000000000000000 0xffffffffffffffff

Linker script and memory map

                0x0000000000000000                __DYNAMIC = 0x0
                0x0000000001000000                PROVIDE (__stack, 0x1000000)

.text           0x0000000000000000   0x32a51c
 *(.text.keepboot)
 .text.keepboot
                0x0000000000000000      0x5f4 boot/sega.o
 *(.text.*)
 .text.startup  0x00000000000005f4      0x236 main.o
                0x00000000000005f4                main
 *(.text)
 *fill*         0x000000000000082a        0x2 
 .text          0x000000000000082c        0x0 boot/sega.o
 .text          0x000000000000082c      0x9d8 /opt/toolchains/gen//m68k-elf/lib/libmd.a(sys.o)
                0x000000000000082c                _trace_callback
                0x000000000000082e                _line1x1x_callback
                0x0000000000000830                _int_callback
                0x0000000000000832                _extint_callback
                0x0000000000000c20                _buserror_callback
                0x0000000000000c48                _addresserror_callback
                0x0000000000000cfc                _illegalinst_callback
                0x0000000000000d24                _chkinst_callback
                0x0000000000000d4c                _trapvinst_callback
                0x0000000000000d74                _vint_callback
                0x0000000000000e72                _hint_callback
                0x0000000000000fa8                _zerodivide_callback
                0x0000000000000fd0                _privilegeviolation_callback
                0x0000000000000ff8                _errorexception_callback
                0x0000000000001020                _start_entry
                0x00000000000010d4                _reset_entry
                0x00000000000010e4                SYS_disableInts
                0x0000000000001114                SYS_enableInts
                0x0000000000001140                SYS_setVIntPreCallback
                0x000000000000114a                SYS_setVIntCallback
                0x0000000000001154                SYS_setHIntCallback
                0x000000000000115e                SYS_setExtIntCallback
                0x0000000000001168                SYS_isInVIntCallback
                0x0000000000001174                SYS_isInHIntCallback
                0x0000000000001180                SYS_isInExtIntCallback
                0x000000000000118c                SYS_isInInterrupt
                0x0000000000001194                SYS_isNTSC
                0x00000000000011a4                SYS_isPAL
                0x00000000000011b0                SYS_die
 .text          0x0000000000001204      0x886 /opt/toolchains/gen//m68k-elf/lib/libmd.a(vdp.o)
                0x0000000000001204                VDP_getReg
                0x0000000000001224                VDP_setReg
                0x000000000000137c                VDP_getEnable
                0x0000000000001388                VDP_setEnable
                0x00000000000013b4                VDP_getScanlineNumber
                0x00000000000013ca                VDP_getScreenHeight
                0x00000000000013d2                VDP_setScreenHeight224
                0x00000000000013f8                VDP_setScreenHeight240
                0x000000000000142a                VDP_getScreenWidth
                0x0000000000001432                VDP_setScreenWidth256
                0x0000000000001458                VDP_setScreenWidth320
                0x000000000000147e                VDP_getPlanWidth
                0x0000000000001492                VDP_getPlanHeight
                0x00000000000014a4                VDP_setPlanSize
                0x00000000000014d8                VDP_getVerticalScrollingMode
                0x00000000000014e6                VDP_getHorizontalScrollingMode
                0x00000000000014f2                VDP_setScrollingMode
                0x0000000000001524                VDP_getBackgroundColor
                0x000000000000152c                VDP_setBackgroundColor
                0x000000000000154a                VDP_getAutoInc
                0x0000000000001552                VDP_setAutoInc
                0x000000000000156c                VDP_setHInterrupt
                0x0000000000001598                VDP_setHilightShadow
                0x00000000000015c4                VDP_getHIntCounter
                0x00000000000015cc                VDP_setHIntCounter
                0x00000000000015e6                VDP_getAPlanAddress
                0x00000000000015ee                VDP_getBPlanAddress
                0x00000000000015f6                VDP_getWindowAddress
                0x00000000000015fe                VDP_getWindowPlanAddress
                0x0000000000001606                VDP_getSpriteListAddress
                0x000000000000160e                VDP_getHScrollTableAddress
                0x0000000000001616                VDP_setAPlanAddress
                0x000000000000163a                VDP_setWindowAddress
                0x000000000000167c                VDP_setWindowPlanAddress
                0x000000000000168c                VDP_setBPlanAddress
                0x00000000000016b0                VDP_setSpriteListAddress
                0x00000000000016f2                VDP_setHScrollTableAddress
                0x0000000000001718                VDP_setScanMode
                0x0000000000001760                VDP_waitDMACompletion
                0x000000000000176e                VDP_init
                0x0000000000001970                VDP_waitFIFOEmpty
                0x000000000000197e                VDP_waitVSync
                0x0000000000001998                VDP_resetScreen
                0x0000000000001a0c                VDP_showFPS
 *fill*         0x0000000000001a8a        0x2 
 .text          0x0000000000001a8c      0x5a8 /opt/toolchains/gen//m68k-elf/lib/libmd.a(dma.o)
                0x0000000000001a8c                DMA_getAutoFlush
                0x0000000000001a94                DMA_setAutoFlush
                0x0000000000001aba                DMA_getMaxTransferSize
                0x0000000000001ac2                DMA_setMaxTransferSize
                0x0000000000001acc                DMA_clearQueue
                0x0000000000001ae6                DMA_flushQueue
                0x0000000000001baa                DMA_getQueueSize
                0x0000000000001bb2                DMA_getQueueTransferSize
                0x0000000000001bba                DMA_queueDma
                0x0000000000001da4                DMA_waitCompletion
                0x0000000000001db2                DMA_doDma
                0x0000000000001f02                DMA_doVRamFill
                0x0000000000001fae                DMA_doVRamCopy
 .text          0x0000000000002034     0x1860 /opt/toolchains/gen//m68k-elf/lib/libmd.a(tools.o)
                0x0000000000002034                getFPS
                0x000000000000209c                getFPS_f
                0x000000000000211e                KLog
                0x0000000000002142                KLog_U1
                0x000000000000218e                KLog_U2
                0x00000000000021fc                KLog_U3
                0x0000000000002288                KLog_U4
                0x0000000000002330                KLog_U1x
                0x0000000000002380                KLog_U2x
                0x00000000000023f0                KLog_U3x
                0x000000000000247c                KLog_U4x
                0x0000000000002522                KLog_S1
                0x000000000000256e                KLog_S2
                0x00000000000025dc                KLog_S3
                0x0000000000002668                KLog_S4
                0x0000000000002710                KLog_S1x
                0x0000000000002760                KLog_S2x
                0x00000000000027d0                KLog_S3x
                0x000000000000285c                KLog_S4x
                0x0000000000002902                KLog_f1
                0x0000000000002952                KLog_f2
                0x00000000000029c8                KLog_f3
                0x0000000000002a60                KLog_f4
                0x0000000000002b18                KLog_f1x
                0x0000000000002b6c                KLog_f2x
                0x0000000000002be4                KLog_f3x
                0x0000000000002c7c                KLog_f4x
                0x0000000000002d32                KLog_F1
                0x0000000000002d7e                KLog_F2
                0x0000000000002dec                KLog_F3
                0x0000000000002e78                KLog_F4
                0x0000000000002f20                KLog_F1x
                0x0000000000002f70                KLog_F2x
                0x0000000000002fe0                KLog_F3x
                0x000000000000306c                KLog_F4x
                0x0000000000003112                allocateBitmap
                0x0000000000003172                allocateBitmapEx
                0x00000000000031b4                allocateTileSet
                0x00000000000031fe                allocateTileSetEx
                0x000000000000322a                allocateMap
                0x0000000000003274                allocateMapEx
                0x000000000000329e                allocateImage
                0x0000000000003362                rle4b_unpack
                0x00000000000033bc                rlemap_unpack
                0x0000000000003454                unpackEx
                0x0000000000003502                getTileSet
                0x0000000000003550                unpack
                0x000000000000356e                unpackBitmap
                0x0000000000003600                unpackTileSet
                0x0000000000003672                unpackMap
                0x00000000000036e8                unpackImage
                0x000000000000373e                rle4b_unpackVRam
                0x00000000000037ca                uftc_unpack_old
 .text          0x0000000000003894      0x236 /opt/toolchains/gen//m68k-elf/lib/libmd.a(memory.o)
                0x0000000000003894                MEM_init
                0x00000000000038bc                MEM_getFree
                0x00000000000038e6                MEM_free
                0x00000000000038f8                MEM_alloc
                0x00000000000039d6                memcpyU16
                0x00000000000039f4                memcpyU32
                0x0000000000003a14                fastMemset
                0x0000000000003a34                fastMemsetU16
                0x0000000000003a54                fastMemsetU32
                0x0000000000003a70                fastMemcpy
                0x0000000000003a8c                fastMemcpyU16
                0x0000000000003aaa                fastMemcpyU32
 *fill*         0x0000000000003aca        0x2 
 .text          0x0000000000003acc      0x1d4 /opt/toolchains/gen//m68k-elf/lib/libmd.a(timer.o)
                0x0000000000003acc                getSubTick
                0x0000000000003b1e                getTick
                0x0000000000003b4a                getTime
                0x0000000000003b6c                getTimeAsFix32
                0x0000000000003b80                startTimer
                0x0000000000003ba2                getTimer
                0x0000000000003be6                waitSubTick
                0x0000000000003c2e                waitTick
                0x0000000000003c70                waitMs
 .text          0x0000000000003ca0      0x5f2 /opt/toolchains/gen//m68k-elf/lib/libmd.a(z80_ctrl.o)
                0x0000000000003ca0                Z80_isBusTaken
                0x0000000000003cb2                Z80_requestBus
                0x0000000000003cd8                Z80_releaseBus
                0x0000000000003ce2                Z80_startReset
                0x0000000000003cec                Z80_endReset
                0x0000000000003cf6                Z80_setBank
                0x0000000000003d0a                Z80_init
                0x0000000000003d28                Z80_read
                0x0000000000003d3a                Z80_write
                0x0000000000003d4e                Z80_clear
                0x0000000000003dc6                Z80_upload
                0x0000000000003e3a                Z80_download
                0x0000000000003e92                Z80_getLoadedDriver
                0x0000000000003e9a                Z80_unloadDriver
                0x0000000000003ecc                Z80_loadCustomDriver
                0x0000000000003f10                Z80_isDriverReady
                0x0000000000003f46                Z80_loadDriver
 *fill*         0x0000000000004292        0x2 
 .text          0x0000000000004294      0xf5c /opt/toolchains/gen//m68k-elf/lib/libmd.a(sound.o)
                0x0000000000004294                SND_isPlaying_PCM
                0x00000000000042c8                SND_startPlay_PCM
                0x000000000000436c                SND_stopPlay_PCM
                0x00000000000043d6                SND_isPlaying_2ADPCM
                0x000000000000440c                SND_startPlay_2ADPCM
                0x00000000000044cc                SND_stopPlay_2ADPCM
                0x0000000000004546                SND_isPlaying_4PCM_ENV
                0x000000000000457c                SND_startPlay_4PCM_ENV
                0x0000000000004656                SND_stopPlay_4PCM_ENV
                0x00000000000046d0                SND_setVolume_4PCM_ENV
                0x0000000000004718                SND_getVolume_4PCM_ENV
                0x000000000000475a                SND_isPlaying_MVS
                0x000000000000478c                SND_startPlay_MVS
                0x00000000000047f6                SND_stopPlay_MVS
                0x0000000000004828                SND_setTempo_MVS
                0x0000000000004858                SND_startDAC_MVS
                0x00000000000048ba                SND_stopDAC_MVS
                0x00000000000048e4                SND_isPlayingPSG_MVS
                0x0000000000004912                SND_startPSG_MVS
                0x000000000000495e                SND_stopPSG_MVS
                0x0000000000004988                SND_enablePSG_MVS
                0x00000000000049c8                SND_disablePSG_MVS
                0x0000000000004a08                SND_startPlay_TFM
                0x0000000000004a7c                SND_stopPlay_TFM
                0x0000000000004a84                SND_stopPlay_VGM
                0x0000000000004ab0                SND_resumePlay_VGM
                0x0000000000004adc                SND_isPlaying_VGM
                0x0000000000004b0c                SND_startPlay_VGM
                0x0000000000004b88                SND_playSfx_VGM
                0x0000000000004bea                SND_isPlaying_XGM
                0x0000000000004c1e                SND_startPlay_XGM
                0x0000000000004d36                SND_stopPlay_XGM
                0x0000000000004d9e                SND_pausePlay_XGM
                0x0000000000004dd0                SND_resumePlay_XGM
                0x0000000000004e0a                SND_isPlayingPCM_XGM
                0x0000000000004e40                SND_setPCMFast_XGM
                0x0000000000004e7e                SND_setPCM_XGM
                0x0000000000004ebe                SND_startPlayPCM_XGM
                0x0000000000004f20                SND_stopPlayPCM_XGM
                0x0000000000004f76                SND_set68KBUSProtection_XGM
                0x0000000000004f9e                SND_nextXFrame_XGM
                0x0000000000004fe6                SND_getManualSync_XGM
                0x0000000000004ff2                SND_setManualSync_XGM
                0x0000000000005038                SND_getForceDelayDMA_XGM
                0x0000000000005044                SND_setForceDelayDMA_XGM
                0x000000000000506a                SND_getMusicTempo_XGM
                0x0000000000005072                SND_setMusicTempo_XGM
                0x000000000000509a                SND_getCPULoad_XGM
                0x000000000000515a                XGM_resetLoadCalculation
                0x0000000000005188                XGM_doVBlankProcess
 .text          0x00000000000051f0      0x1f2 /opt/toolchains/gen//m68k-elf/lib/libmd.a(ym2612.o)
                0x00000000000051f0                YM2612_read
                0x000000000000520a                YM2612_write
                0x000000000000522e                YM2612_reset
                0x0000000000005318                YM2612_writeSafe
                0x0000000000005330                YM2612_writeReg
                0x0000000000005382                YM2612_writeRegSafe
                0x00000000000053a4                YM2612_enableDAC
                0x00000000000053c4                YM2612_disableDAC
 *fill*         0x00000000000053e2        0x2 
 .text          0x00000000000053e4      0x618 /opt/toolchains/gen//m68k-elf/lib/libmd.a(vdp_pal.o)
                0x000000000000549c                VDP_getPaletteColor
                0x00000000000054d0                VDP_setPaletteColor
                0x000000000000550e                VDP_doStepFading
                0x00000000000055e8                VDP_initFading
                0x0000000000005714                VDP_interruptFade
                0x0000000000005726                VDP_fade
                0x0000000000005796                VDP_fadeTo
                0x00000000000057f6                VDP_fadeOut
                0x0000000000005826                VDP_fadeIn
                0x000000000000585a                VDP_fadePal
                0x0000000000005896                VDP_fadePalTo
                0x00000000000058ce                VDP_fadePalOut
                0x0000000000005908                VDP_fadePalIn
                0x0000000000005946                VDP_fadeAll
                0x000000000000596e                VDP_fadeAllTo
                0x0000000000005992                VDP_fadeOutAll
                0x00000000000059b8                VDP_fadeInAll
                0x00000000000059e2                VDP_isDoingFade
                0x00000000000059ee                VDP_waitFadeCompletion
 .text          0x00000000000059fc      0x114 /opt/toolchains/gen//m68k-elf/lib/libmd.a(psg.o)
                0x00000000000059fc                PSG_init
                0x0000000000005a28                PSG_write
                0x0000000000005a32                PSG_setEnvelope
                0x0000000000005a52                PSG_setTone
                0x0000000000005a82                PSG_setFrequency
                0x0000000000005ae8                PSG_setNoise
 .text          0x0000000000005b10        0x0 /opt/toolchains/gen//m68k-elf/lib/libmd.a(z80_vgm.o)
 .text          0x0000000000005b10      0xb94 /opt/toolchains/gen//m68k-elf/lib/libmd.a(vdp_tile.o)
                0x0000000000005b10                VDP_loadTileSet
                0x0000000000005bba                VDP_loadFontData
                0x0000000000005bea                VDP_loadFont
                0x0000000000005c10                VDP_loadBMPTileDataEx
                0x0000000000005c64                VDP_fillTileData
                0x0000000000005d1e                VDP_setTileMap
                0x0000000000005d5c                VDP_setTileMapXY
                0x0000000000005dc2                VDP_fillTileMap
                0x0000000000005e5e                VDP_fillTileMapRectByIndex
                0x0000000000005e88                VDP_fillTileMapRect
                0x0000000000005f2e                VDP_clearTileMap
                0x0000000000005f82                VDP_clearTileMapRectByIndex
                0x0000000000005fac                VDP_clearTileMapRect
                0x0000000000005fe0                VDP_fillTileMapInc
                0x00000000000060aa                VDP_fillTileMapRectIncByIndex
                0x00000000000060d4                VDP_fillTileMapRectInc
                0x0000000000006180                VDP_setTileMapData
                0x0000000000006264                VDP_setTileMapRectByIndex
                0x0000000000006292                VDP_setTileMapDataRect
                0x000000000000634a                VDP_setTileMapDataEx
                0x000000000000643c                VDP_setTileMapRectExByIndex
                0x000000000000646e                VDP_setTileMapDataRectEx
                0x0000000000006554                VDP_setTileMapRectEx
                0x0000000000006598                VDP_setMapEx
                0x0000000000006660                VDP_setMap
 .text          0x00000000000066a4      0x3ec /opt/toolchains/gen//m68k-elf/lib/libmd.a(vdp_spr.o)
                0x00000000000066a4                VDP_resetSprites
                0x00000000000066bc                VDP_resetSpritesDirect
                0x00000000000066fe                VDP_setSprite
                0x000000000000675a                VDP_setSpriteP
                0x00000000000067a6                VDP_setSpriteDirect
                0x0000000000006828                VDP_setSpriteDirectP
                0x00000000000068aa                VDP_setSpritePosition
                0x00000000000068ea                VDP_setSpritesDirect
                0x000000000000697c                VDP_setSprites
                0x00000000000069ee                VDP_updateSprites
 .text          0x0000000000006a90        0x0 /opt/toolchains/gen//m68k-elf/lib/libmd.a(tab_cnv.o)
 .text          0x0000000000006a90      0x266 /opt/toolchains/gen//m68k-elf/lib/libmd.a(vdp_dma.o)
                0x0000000000006a90                VDP_doDMAEx
                0x0000000000006be0                VDP_doDMA
                0x0000000000006c0a                VDP_doVRamDMAFill
                0x0000000000006c7e                VDP_doVRamDMACopy
 *fill*         0x0000000000006cf6        0x2 
 .text          0x0000000000006cf8     0x111e /opt/toolchains/gen//m68k-elf/lib/libmd.a(bmp.o)
                0x0000000000006e4c                BMP_end
                0x0000000000006eb0                BMP_hasFlipRequestPending
                0x0000000000006ebe                BMP_waitWhileFlipRequestPending
                0x0000000000006ece                BMP_hasFlipInProgess
                0x0000000000006eda                BMP_waitFlipComplete
                0x0000000000006eea                BMP_flip
                0x0000000000006f3e                BMP_drawText
                0x0000000000006f9c                BMP_clearText
                0x0000000000006ff8                BMP_clearTextLine
                0x0000000000007038                BMP_showFPS
                0x000000000000710a                BMP_clear
                0x000000000000711a                BMP_reset
                0x000000000000723c                BMP_init
                0x000000000000727a                BMP_getWritePointer
                0x00000000000072a0                BMP_getReadPointer
                0x00000000000072c6                BMP_getPixel
                0x00000000000072fe                BMP_setPixel
                0x0000000000007336                BMP_setPixels_V2D
                0x0000000000007386                BMP_setPixels
                0x00000000000073e0                BMP_drawBitmapData
                0x0000000000007482                BMP_drawBitmap
                0x0000000000007556                BMP_loadBitmapData
                0x0000000000007588                BMP_loadBitmap
                0x00000000000075ae                BMP_getBitmapPalette
                0x00000000000075ca                BMP_scale
                0x00000000000076a4                BMP_drawBitmapScaled
                0x00000000000077ae                BMP_loadAndScaleBitmap
                0x00000000000077e4                BMP_doVBlankProcess
                0x00000000000077ec                BMP_doHBlankProcess
 *fill*         0x0000000000007e16        0x2 
 .text          0x0000000000007e18      0x65c /opt/toolchains/gen//m68k-elf/lib/libmd.a(tile_cache.o)
                0x0000000000007eb8                TC_init
                0x0000000000007ef0                TC_end
                0x0000000000007f52                TC_createCacheEx
                0x0000000000007f98                TC_createCache
                0x0000000000007fba                TC_releaseCache
                0x0000000000007fcc                TC_clearCache
                0x0000000000007fde                TC_flushCache
                0x0000000000007fe8                TC_alloc
                0x00000000000082d2                TC_reAlloc
                0x000000000000835e                TC_free
                0x00000000000083d8                TC_getTileIndex
                0x0000000000008426                TC_uploadAtVBlank
                0x000000000000845a                TC_doVBlankProcess
 .text          0x0000000000008474      0x80c /opt/toolchains/gen//m68k-elf/lib/libmd.a(vdp_bg.o)
                0x0000000000008474                VDP_setHorizontalScroll
                0x00000000000084c0                VDP_setHorizontalScrollTile
                0x0000000000008566                VDP_setHorizontalScrollLine
                0x000000000000860c                VDP_setVerticalScroll
                0x000000000000864a                VDP_setVerticalScrollTile
                0x00000000000086e0                VDP_clearPlan
                0x0000000000008796                VDP_getTextPlan
                0x00000000000087b2                VDP_getTextPalette
                0x00000000000087c2                VDP_getTextPriority
                0x00000000000087ce                VDP_setTextPlan
                0x00000000000087f2                VDP_setTextPalette
                0x0000000000008812                VDP_setTextPriority
                0x0000000000008830                VDP_drawTextBG
                0x00000000000088dc                VDP_clearTextBG
                0x000000000000890e                VDP_clearTextLineBG
                0x0000000000008944                VDP_drawText
                0x0000000000008978                VDP_clearText
                0x00000000000089a6                VDP_clearTextLine
                0x00000000000089c2                VDP_drawBitmapEx
                0x0000000000008ad2                VDP_drawBitmap
                0x0000000000008b5a                VDP_drawImageEx
                0x0000000000008c02                VDP_drawImage
 *fill*         0x0000000000008c80       0x80 
 .text          0x0000000000008d00       0x80 /opt/toolchains/gen//m68k-elf/lib/libmd.a(smp_null_pcm.o)
                0x0000000000008d00                smp_null_pcm
 .text          0x0000000000008d80      0x102 /opt/toolchains/gen//m68k-elf/lib/libmd.a(vdp_tile_a.o)
                0x0000000000008d80                VDP_loadTileData
                0x0000000000008dfc                VDP_loadBMPTileData
 *fill*         0x0000000000008e82        0x2 
 .text          0x0000000000008e84      0x1b8 /opt/toolchains/gen//m68k-elf/lib/libmd.a(memory_a.o)
                0x0000000000008e84                memset
                0x0000000000008efc                memsetU16
                0x0000000000008f5a                memsetU32
                0x0000000000008f98                memcpy
 .text          0x000000000000903c      0x15c /opt/toolchains/gen//m68k-elf/lib/libmd.a(vdp_pal_a.o)
                0x000000000000903c                VDP_getPaletteColors
                0x00000000000090a2                VDP_setPaletteColors
                0x0000000000009108                VDP_getPalette
                0x0000000000009150                VDP_setPalette
 .text          0x0000000000009198       0x48 /opt/toolchains/gen//m68k-elf/lib/libmd.a(sys_a.o)
                0x0000000000009198                SYS_assertReset
                0x000000000000919c                SYS_reset
                0x00000000000091aa                SYS_getInterruptMaskLevel
                0x00000000000091b4                SYS_setInterruptMaskLevel
                0x00000000000091c6                SYS_getAndSetInterruptMaskLevel
 .text          0x00000000000091e0       0x88 /opt/toolchains/gen//m68k-elf/lib/libmd.a(kdebug.o)
                0x00000000000091e0                KDebug_Halt
                0x00000000000091ea                KDebug_Alert
                0x0000000000009206                KDebug_AlertNumber
                0x0000000000009254                KDebug_StartTimer
                0x000000000000925e                KDebug_StopTimer
 *fill*         0x0000000000009268       0x98 
 .text          0x0000000000009300      0x100 /opt/toolchains/gen//m68k-elf/lib/libmd.a(smp_null.o)
                0x0000000000009300                smp_null
 .text          0x0000000000009400     0x13f8 /opt/toolchains/gen//m68k-elf/lib/libmd.a(bmp_a.o)
                0x0000000000009400                clearBitmapBuffer
                0x0000000000009542                BMP_clipLine
                0x000000000000955e                BMP_drawLine
                0x00000000000095ce                BMP_isPolygonCulled
                0x0000000000009efc                BMP_drawPolygon
 .text          0x000000000000a7f8      0x10a /opt/toolchains/gen//m68k-elf/lib/libmd.a(tools_a.o)
                0x000000000000a7f8                aplib_unpack
                0x000000000000a7fe                aplib_decrunch
                0x000000000000a8a0                uftc_unpack
 *fill*         0x000000000000a902        0x2 
 .text          0x000000000000a904      0xb26 /opt/toolchains/gen//m68k-elf/lib/libmd.a(z80_drv1.o)
                0x000000000000a904                z80_drv1
 *fill*         0x000000000000b42a        0x2 
 .text          0x000000000000b42c      0x69e /opt/toolchains/gen//m68k-elf/lib/libmd.a(z80_tfm.o)
                0x000000000000b42c                z80_tfm
 *fill*         0x000000000000baca        0x2 
 .text          0x000000000000bacc      0xe00 /opt/toolchains/gen//m68k-elf/lib/libmd.a(z80_drv2.o)
                0x000000000000bacc                z80_drv2
 .text          0x000000000000c8cc      0xa64 /opt/toolchains/gen//m68k-elf/lib/libmd.a(z80_drv3.o)
                0x000000000000c8cc                z80_drv3
 .text          0x000000000000d330     0x1700 /opt/toolchains/gen//m68k-elf/lib/libmd.a(z80_xgm.o)
                0x000000000000d330                z80_xgm
 .text          0x000000000000ea30      0xa5c /opt/toolchains/gen//m68k-elf/lib/libmd.a(z80_mvs.o)
                0x000000000000ea30                z80_mvs
 .text          0x000000000000f48c        0x0 /opt/toolchains/gen//m68k-elf/lib/libmd.a(libres.o)
 .text          0x000000000000f48c        0x0 /opt/toolchains/gen//m68k-elf/lib/libmd.a(tab_vol.o)
 .text          0x000000000000f48c      0x656 /opt/toolchains/gen//m68k-elf/lib/libmd.a(maths.o)
                0x000000000000f48c                random
                0x000000000000f4ac                intToBCD
                0x000000000000f540                distance_approx
                0x000000000000f592                Partition_u8
                0x000000000000f614                QSort_u8
                0x000000000000f662                Partition_s8
                0x000000000000f6e4                QSort_s8
                0x000000000000f732                Partition_u16
                0x000000000000f7c2                QSort_u16
                0x000000000000f810                Partition_s16
                0x000000000000f8a0                QSort_s16
                0x000000000000f8ee                Partition_u32
                0x000000000000f99a                QSort_u32
                0x000000000000f9e8                Partition_s32
                0x000000000000fa94                QSort_s32
 *fill*         0x000000000000fae2        0x2 
 .text          0x000000000000fae4      0x8d2 /opt/toolchains/gen//m68k-elf/lib/libmd.a(string.o)
                0x000000000000fae4                strlen
                0x000000000000fbd0                strnlen
                0x000000000000fc0e                strcmp
                0x000000000000fc2e                strclr
                0x000000000000fc38                strcpy
                0x000000000000fc4a                strcat
                0x000000000000fc64                strreplace
                0x000000000000fc88                intToStr
                0x000000000000fcb6                uintToStr
                0x000000000000fcd2                intToHex
                0x000000000000fd86                fix32ToStr
                0x000000000000fe06                fix16ToStr
                0x000000000000fe80                sprintf
 *fill*         0x00000000000103b6        0x2 
 .text          0x00000000000103b8     0x1804 /opt/toolchains/gen//m68k-elf/lib/libmd.a(joy.o)
                0x0000000000010e50                JOY_setEventHandler
                0x0000000000010e5a                JOY_setSupport
                0x0000000000011292                JOY_init
                0x00000000000115d2                JOY_getPortType
                0x00000000000115f2                JOY_getJoypadType
                0x0000000000011612                JOY_readJoypad
                0x0000000000011662                JOY_readJoypadX
                0x0000000000011684                JOY_readJoypadY
                0x00000000000116a6                JOY_update
                0x0000000000011ac8                JOY_waitPressTime
                0x0000000000011b6e                JOY_waitPressBtn
                0x0000000000011b84                JOY_waitPressBtnTime
                0x0000000000011ba0                JOY_waitPress
 .text          0x0000000000011bbc        0xc /opt/toolchains/gen//m68k-elf/lib/libmd.a(types.o)
                0x0000000000011bbc                getZeroU8
                0x0000000000011bc0                getZeroU16
                0x0000000000011bc4                getZeroU32
 .text          0x0000000000011bc8       0x22 /opt/toolchains/gen//m68k-elf/lib/gcc/m68k-elf/4.8.2/libgcc.a(_mulsi3.o)
                0x0000000000011bc8                __mulsi3
 *fill*         0x0000000000011bea        0x2 
 .text          0x0000000000011bec       0x5c /opt/toolchains/gen//m68k-elf/lib/gcc/m68k-elf/4.8.2/libgcc.a(_udivsi3.o)
                0x0000000000011bec                __udivsi3
 .text          0x0000000000011c48       0x2e /opt/toolchains/gen//m68k-elf/lib/gcc/m68k-elf/4.8.2/libgcc.a(_divsi3.o)
                0x0000000000011c48                __divsi3
 *fill*         0x0000000000011c76        0x2 
 .text          0x0000000000011c78       0x2e /opt/toolchains/gen//m68k-elf/lib/gcc/m68k-elf/4.8.2/libgcc.a(_umodsi3.o)
                0x0000000000011c78                __umodsi3
 *fill*         0x0000000000011ca6       0x5a 
 .text          0x0000000000011d00   0x221560 res/music.o
                0x0000000000011d00                music
 .text          0x0000000000233260        0x0 res/resources.o
 .text          0x0000000000233260     0x4eae main.o
                0x000000000023378c                EFFECT_Warning
                0x0000000000233854                EFFECT_Sega
                0x0000000000233ac4                EFFECT_Kstorm
                0x0000000000233d34                EFFECT_Title
                0x000000000023412a                EFFECT_Cylinder
                0x0000000000234818                EFFECT_Axelay
                0x0000000000234faa                EFFECT_Video
                0x0000000000235548                EFFECT_Credits
                0x000000000023575c                EFFECT_Bat
                0x0000000000235f48                EFFECT_Blast
                0x0000000000236244                EFFECT_Blast2
                0x0000000000236666                EFFECT_Blast3
                0x000000000023695a                EFFECT_Boobs
                0x0000000000236d58                EFFECT_Bar
                0x00000000002370a6                EFFECT_Bar2
                0x00000000002373dc                EFFECT_Ball
                0x00000000002379d8                EFFECT_Scroll
 *fill*         0x000000000023810e        0x2 
 .text          0x0000000000238110       0x9a sme/sme_vdp.o
                0x0000000000238110                smeVDP_Initialize
                0x000000000023818a                smeVDP_Finalize
                0x000000000023818c                smeVDP_SetScrollMode
 *fill*         0x00000000002381aa        0x2 
 .text          0x00000000002381ac       0xb6 sme/sme.o
                0x00000000002381ac                sme_Initialize
                0x00000000002381b8                sme_Finalize
                0x00000000002381be                sme_Update
                0x00000000002381ca                MEM_realloc
                0x000000000023824a                memcpy_bytes
 *fill*         0x0000000000238262        0x2 
 .text          0x0000000000238264       0x1e sme/sme_screen.o
                0x0000000000238264                smeSCREEN_SetScrollMode
 *fill*         0x0000000000238282        0x2 
 .text          0x0000000000238284       0x1e sme/sme_time.o
                0x0000000000238284                smeTIME_Update
 *fill*         0x00000000002382a2        0x2 
 .text          0x00000000002382a4      0x18c sme/sme_mesh.o
                0x00000000002382a4                smeMESH_Create
                0x0000000000238308                smeMESH_Destroy
                0x0000000000238348                smeMESH_SetTranslation
                0x000000000023836c                smeMESH_SetRotation
                0x0000000000238390                smeMESH_CreateCube
 .text          0x0000000000238430       0xa4 sme/sme_framebuffer.o
                0x0000000000238430                smeFRAMEBUFFER_Initialize
                0x0000000000238498                smeFRAMEBUFFER_Finalize
                0x00000000002384ae                smeFRAMEBUFFER_Update
 .text          0x00000000002384d4      0x144 sme/sme_input.o
                0x00000000002384d4                smeINPUTS_Initialize
                0x00000000002384ec                smeINPUT_CheckStatus
                0x0000000000238510                smeINPUTS_Update
                0x00000000002385c0                smeINPUT_IsPressed
                0x00000000002385d4                smeINPUT_IsJustPressed
                0x00000000002385f6                smeINPUT_IsJustReleased
 .text          0x0000000000238618       0x3e sme/sme_sound.o
                0x0000000000238618                smeSOUND_GetTime
 *fill*         0x0000000000238656        0x2 
 .text          0x0000000000238658      0xace sme/sme_scene.o
                0x0000000000238658                smeSCENE_Create
                0x0000000000238676                smeSCENE_Destroy
                0x0000000000238694                smeSCENE_QuickSort
                0x0000000000238804                smeSCENE_GetColor
                0x000000000023885a                smeSCENE_GetPolygonColor
                0x00000000002388ca                smeSCENE_GetVertexColor
                0x0000000000238932                smeSCENE_Update
                0x0000000000239096                smeSCENE_Add
                0x00000000002390c6                smeSCENE_Remove
 *fill*         0x0000000000239126        0x2 
 .text          0x0000000000239128     0x1c86 sme/sme_raster.o
                0x0000000000239128                smeRASTER_Dot
                0x000000000023917c                smeRASTER_PolygonDot
                0x0000000000239268                smeRASTER_Wire
                0x00000000002393b2                smeRASTER_PolygonWire
                0x0000000000239782                smeRASTER_HorizontalLine
                0x0000000000239836                smeRASTER_PolygonFlat
                0x0000000000239c3a                smeRASTER_HorizontalLineGouraud
                0x0000000000239d74                smeRASTER_PolygonGouraud
                0x000000000023a3c2                smeRASTER_HorizontalLineTexMap
                0x000000000023a55a                smeRASTER_PolygonTexMap
 *fill*         0x000000000023adae        0x2 
 .text          0x000000000023adb0      0x110 sme/sme_maths.o
                0x000000000023adb0                cos
                0x000000000023ae14                sin
                0x000000000023ae68                clamp_angle
                0x000000000023ae9a                clamp_angle2
 .text          0x000000000023aec0       0x30 sme/sme_functions.o
                0x000000000023aec0                sme_ExchangeInt
                0x000000000023aed0                sme_ExchangeLong
                0x000000000023aee0                sme_ExchangeU8
 .text          0x000000000023aef0        0x0 /opt/toolchains/gen//m68k-elf/lib/libmd.a(tab_sin.o)
 .text          0x000000000023aef0      0xaca /opt/toolchains/gen//m68k-elf/lib/libmd.a(maths3D.o)
                0x000000000023aef0                M3D_reset
                0x000000000023af24                M3D_setLightEnabled
                0x000000000023af2e                M3D_getLightEnabled
                0x000000000023af36                M3D_setViewport
                0x000000000023af48                M3D_setCamDistance
                0x000000000023af52                M3D_setLightXYZ
                0x000000000023af6c                M3D_setLight
                0x000000000023af88                M3D_setTransform
                0x000000000023afa6                M3D_setTranslation
                0x000000000023afc0                M3D_setRotation
                0x000000000023affc                M3D_buildMat3DOnly
                0x000000000023b156                M3D_translate
                0x000000000023b1a6                M3D_rotateInv
                0x000000000023b26e                M3D_resetTransform
                0x000000000023b314                M3D_buildMat3DExtras
                0x000000000023b37e                M3D_combineTransform
                0x000000000023b6c0                M3D_buildMat3D
                0x000000000023b6d8                M3D_combineTranslationLeft
                0x000000000023b778                M3D_combineTranslationRight
                0x000000000023b8c2                M3D_rotate
 *fill*         0x000000000023b9ba        0x2 
 .text          0x000000000023b9bc      0x15c /opt/toolchains/gen//m68k-elf/lib/libmd.a(maths3D_a.o)
                0x000000000023b9bc                M3D_transform
                0x000000000023ba3c                M3D_project_f16
                0x000000000023baa8                M3D_project_s16
                0x000000000023bb18                . = ALIGN (0x4)
                0x000000000023bb18                __CTOR_LIST__ = .
                0x000000000023bb18        0x4 LONG 0x0 (((__CTOR_END__ - __CTOR_LIST__) / 0x4) - 0x2)
 *(.ctors)
                0x000000000023bb1c        0x4 LONG 0x0
                0x000000000023bb20                __CTOR_END__ = .
                0x000000000023bb20                __DTOR_LIST__ = .
                0x000000000023bb20        0x4 LONG 0x0 (((__DTOR_END__ - __DTOR_LIST__) / 0x4) - 0x2)
 *(.dtors)
                0x000000000023bb24        0x4 LONG 0x0
                0x000000000023bb28                __DTOR_END__ = .
 *(.rodata .rodata.*)
 .rodata.str1.1
                0x000000000023bb28      0x13e /opt/toolchains/gen//m68k-elf/lib/libmd.a(sys.o)
 .rodata.str1.1
                0x000000000023bc66       0x21 /opt/toolchains/gen//m68k-elf/lib/libmd.a(vdp.o)
                                         0x4c (size before relaxing)
 *fill*         0x000000000023bc87        0x1 
 .rodata        0x000000000023bc88        0x4 /opt/toolchains/gen//m68k-elf/lib/libmd.a(vdp.o)
                0x000000000023bc88                PLAN_A
                0x000000000023bc8a                PLAN_B
 .rodata.str1.1
                0x0000000000000000        0x2 /opt/toolchains/gen//m68k-elf/lib/libmd.a(tools.o)
 .rodata        0x000000000023bc8c      0x104 /opt/toolchains/gen//m68k-elf/lib/libmd.a(vdp_pal.o)
                0x000000000023bc8c                palette_blue
                0x000000000023bcac                palette_green
                0x000000000023bccc                palette_red
                0x000000000023bcec                palette_grey
                0x000000000023bd0c                palette_black
                0x000000000023bd10                palette_black_all
 .rodata        0x000000000023bd90      0xe40 /opt/toolchains/gen//m68k-elf/lib/libmd.a(z80_vgm.o)
                0x000000000023bd90                z80_vgm
 .rodata        0x000000000023cbd0      0x6f4 /opt/toolchains/gen//m68k-elf/lib/libmd.a(tab_cnv.o)
                0x000000000023cbd0                cnv_bcd_tab
                0x000000000023cc34                cnv_8to32_tab
                0x000000000023d034                cnv_8to16_tab
                0x000000000023d234                cnv_4to32_tab
                0x000000000023d274                cnv_4to16_tab
                0x000000000023d294                cnv_4to8_tab
                0x000000000023d2a4                cnv_2to32_tab
                0x000000000023d2b4                cnv_2to16_tab
                0x000000000023d2bc                cnv_2to8_tab
                0x000000000023d2c0                cnv_2to4_tab
 .rodata        0x000000000023d2c4      0xcec /opt/toolchains/gen//m68k-elf/lib/libmd.a(libres.o)
                0x000000000023dc6a                logo_lib
                0x000000000023ded4                font_lib
                0x000000000023defc                font_pal_lib
                0x000000000023df04                stop_xgm
 .rodata        0x000000000023dfb0     0x1000 /opt/toolchains/gen//m68k-elf/lib/libmd.a(tab_vol.o)
                0x000000000023dfb0                tab_vol
 .rodata.str1.1
                0x000000000023efb0       0x29 /opt/toolchains/gen//m68k-elf/lib/libmd.a(string.o)
 *fill*         0x000000000023efd9        0x1 
 .rodata        0x000000000023efda       0x18 /opt/toolchains/gen//m68k-elf/lib/libmd.a(joy.o)
 .rodata        0x000000000023eff2    0xe9bcc res/resources.o
                0x000000000024601a                warning
                0x000000000024d050                sega
                0x0000000000254086                kstorm
                0x000000000025b0bc                title
                0x000000000025d0ee                cylinder
                0x000000000025f124                cylinder_back
                0x0000000000267140                axelay
                0x0000000000269176                axelay_up
                0x00000000002701ac                credits
                0x00000000002771e2                vip
                0x000000000027e218                blast
                0x000000000028524e                boobs
                0x000000000028c284                bar
                0x00000000002932ba                bar2
                0x00000000002952f0                ball
                0x0000000000299b26                video_1
                0x000000000029e35c                video_2
                0x00000000002a2b92                video_3
                0x00000000002a73c8                video_4
                0x00000000002abbfe                video_5
                0x00000000002b0434                video_6
                0x00000000002b4c6a                video_7
                0x00000000002b94a0                video_8
                0x00000000002bdcd6                video_9
                0x00000000002c250c                video_10
                0x00000000002c6d42                video_11
                0x00000000002cb578                video_12
                0x00000000002d002e                bat_1
                0x00000000002d4ae4                bat_2
                0x00000000002d959a                bat_3
                0x00000000002de050                bat_4
                0x00000000002e2b06                bat_5
                0x00000000002e75bc                bat_6
                0x00000000002ec072                bat_7
                0x00000000002f0b28                bat_8
                0x00000000002f55de                bat_9
                0x00000000002fa094                bat_10
                0x00000000002feb4a                bat_11
                0x0000000000303600                bat_12
                0x00000000003080b6                bat_13
                0x000000000030cb6c                bat_14
                0x0000000000311622                bat_15
                0x00000000003160d8                bat_16
                0x000000000031ab8e                bat_17
                0x000000000031f644                bat_18
                0x00000000003240fa                bat_19
                0x0000000000328bb0                bat_20
 .rodata        0x0000000000328bbe      0x138 sme/sme_mesh.o
                0x0000000000328bbe                smeMESH_CubePolygons
                0x0000000000328c06                smeMESH_CubeUVs
                0x0000000000328c66                smeMESH_CubeVertexes
 .rodata        0x0000000000328cf6        0x4 sme/sme_framebuffer.o
                0x0000000000328cf6                smeFRAMEBUFFER_Height
                0x0000000000328cf8                smeFRAMEBUFFER_Width
 .rodata        0x0000000000328cfa       0x1c sme/sme_maths.o
                0x0000000000328cfa                fSQRT2
                0x0000000000328cfe                fPIo4
                0x0000000000328d02                fPI74
                0x0000000000328d06                fPI34
                0x0000000000328d0a                fPIo2
                0x0000000000328d0e                fPI2
                0x0000000000328d12                fPI
 .rodata        0x0000000000328d16     0x1800 /opt/toolchains/gen//m68k-elf/lib/libmd.a(tab_sin.o)
                0x0000000000328d16                sintab16
                0x0000000000329516                sintab32
 *(.gcc_except_table .gcc_except_table.*)
                0x000000000032a518                . = ALIGN (0x4)
 *fill*         0x000000000032a516        0x2 
                0x000000000032a518                __INIT_SECTION__ = .
 *(.init)
                0x000000000032a518        0x2 SHORT 0x4e75
                0x000000000032a51a                __FINI_SECTION__ = .
 *(.fini)
                0x000000000032a51a        0x2 SHORT 0x4e75
                0x000000000032a51c                _etext = .
 *(.lit)
                0x000000000032a51c                _stext = SIZEOF (.text)

.data           0x0000000000ff0000        0x4 load address 0x000000000032a51c
 *(.got.plt)
 *(.got)
 *(.shdata)
 *(.data .data.*)
 .data          0x0000000000ff0000        0x0 boot/sega.o
 .data          0x0000000000ff0000        0x0 /opt/toolchains/gen//m68k-elf/lib/libmd.a(sys.o)
 .data          0x0000000000ff0000        0x0 /opt/toolchains/gen//m68k-elf/lib/libmd.a(vdp.o)
 .data          0x0000000000ff0000        0x4 /opt/toolchains/gen//m68k-elf/lib/libmd.a(dma.o)
 .data          0x0000000000ff0004        0x0 /opt/toolchains/gen//m68k-elf/lib/libmd.a(tools.o)
 .data          0x0000000000ff0004        0x0 /opt/toolchains/gen//m68k-elf/lib/libmd.a(memory.o)
 .data          0x0000000000ff0004        0x0 /opt/toolchains/gen//m68k-elf/lib/libmd.a(timer.o)
 .data          0x0000000000ff0004        0x0 /opt/toolchains/gen//m68k-elf/lib/libmd.a(z80_ctrl.o)
 .data          0x0000000000ff0004        0x0 /opt/toolchains/gen//m68k-elf/lib/libmd.a(sound.o)
 .data          0x0000000000ff0004        0x0 /opt/toolchains/gen//m68k-elf/lib/libmd.a(ym2612.o)
 .data          0x0000000000ff0004        0x0 /opt/toolchains/gen//m68k-elf/lib/libmd.a(vdp_pal.o)
 .data          0x0000000000ff0004        0x0 /opt/toolchains/gen//m68k-elf/lib/libmd.a(psg.o)
 .data          0x0000000000ff0004        0x0 /opt/toolchains/gen//m68k-elf/lib/libmd.a(z80_vgm.o)
 .data          0x0000000000ff0004        0x0 /opt/toolchains/gen//m68k-elf/lib/libmd.a(vdp_tile.o)
 .data          0x0000000000ff0004        0x0 /opt/toolchains/gen//m68k-elf/lib/libmd.a(vdp_spr.o)
 .data          0x0000000000ff0004        0x0 /opt/toolchains/gen//m68k-elf/lib/libmd.a(tab_cnv.o)
 .data          0x0000000000ff0004        0x0 /opt/toolchains/gen//m68k-elf/lib/libmd.a(vdp_dma.o)
 .data          0x0000000000ff0004        0x0 /opt/toolchains/gen//m68k-elf/lib/libmd.a(bmp.o)
 .data          0x0000000000ff0004        0x0 /opt/toolchains/gen//m68k-elf/lib/libmd.a(tile_cache.o)
 .data          0x0000000000ff0004        0x0 /opt/toolchains/gen//m68k-elf/lib/libmd.a(vdp_bg.o)
 .data          0x0000000000ff0004        0x0 /opt/toolchains/gen//m68k-elf/lib/libmd.a(smp_null_pcm.o)
 .data          0x0000000000ff0004        0x0 /opt/toolchains/gen//m68k-elf/lib/libmd.a(vdp_tile_a.o)
 .data          0x0000000000ff0004        0x0 /opt/toolchains/gen//m68k-elf/lib/libmd.a(memory_a.o)
 .data          0x0000000000ff0004        0x0 /opt/toolchains/gen//m68k-elf/lib/libmd.a(vdp_pal_a.o)
 .data          0x0000000000ff0004        0x0 /opt/toolchains/gen//m68k-elf/lib/libmd.a(sys_a.o)
 .data          0x0000000000ff0004        0x0 /opt/toolchains/gen//m68k-elf/lib/libmd.a(kdebug.o)
 .data          0x0000000000ff0004        0x0 /opt/toolchains/gen//m68k-elf/lib/libmd.a(smp_null.o)
 .data          0x0000000000ff0004        0x0 /opt/toolchains/gen//m68k-elf/lib/libmd.a(bmp_a.o)
 .data          0x0000000000ff0004        0x0 /opt/toolchains/gen//m68k-elf/lib/libmd.a(tools_a.o)
 .data          0x0000000000ff0004        0x0 /opt/toolchains/gen//m68k-elf/lib/libmd.a(z80_drv1.o)
 .data          0x0000000000ff0004        0x0 /opt/toolchains/gen//m68k-elf/lib/libmd.a(z80_tfm.o)
 .data          0x0000000000ff0004        0x0 /opt/toolchains/gen//m68k-elf/lib/libmd.a(z80_drv2.o)
 .data          0x0000000000ff0004        0x0 /opt/toolchains/gen//m68k-elf/lib/libmd.a(z80_drv3.o)
 .data          0x0000000000ff0004        0x0 /opt/toolchains/gen//m68k-elf/lib/libmd.a(z80_xgm.o)
 .data          0x0000000000ff0004        0x0 /opt/toolchains/gen//m68k-elf/lib/libmd.a(z80_mvs.o)
 .data          0x0000000000ff0004        0x0 /opt/toolchains/gen//m68k-elf/lib/libmd.a(libres.o)
 .data          0x0000000000ff0004        0x0 /opt/toolchains/gen//m68k-elf/lib/libmd.a(tab_vol.o)
 .data          0x0000000000ff0004        0x0 /opt/toolchains/gen//m68k-elf/lib/libmd.a(maths.o)
 .data          0x0000000000ff0004        0x0 /opt/toolchains/gen//m68k-elf/lib/libmd.a(string.o)
 .data          0x0000000000ff0004        0x0 /opt/toolchains/gen//m68k-elf/lib/libmd.a(joy.o)
 .data          0x0000000000ff0004        0x0 /opt/toolchains/gen//m68k-elf/lib/libmd.a(types.o)
 .data          0x0000000000ff0004        0x0 /opt/toolchains/gen//m68k-elf/lib/gcc/m68k-elf/4.8.2/libgcc.a(_mulsi3.o)
 .data          0x0000000000ff0004        0x0 /opt/toolchains/gen//m68k-elf/lib/gcc/m68k-elf/4.8.2/libgcc.a(_udivsi3.o)
 .data          0x0000000000ff0004        0x0 /opt/toolchains/gen//m68k-elf/lib/gcc/m68k-elf/4.8.2/libgcc.a(_divsi3.o)
 .data          0x0000000000ff0004        0x0 /opt/toolchains/gen//m68k-elf/lib/gcc/m68k-elf/4.8.2/libgcc.a(_umodsi3.o)
 .data          0x0000000000ff0004        0x0 res/music.o
 .data          0x0000000000ff0004        0x0 res/resources.o
 .data          0x0000000000ff0004        0x0 main.o
 .data          0x0000000000ff0004        0x0 sme/sme_vdp.o
 .data          0x0000000000ff0004        0x0 sme/sme.o
 .data          0x0000000000ff0004        0x0 sme/sme_screen.o
 .data          0x0000000000ff0004        0x0 sme/sme_time.o
 .data          0x0000000000ff0004        0x0 sme/sme_mesh.o
 .data          0x0000000000ff0004        0x0 sme/sme_framebuffer.o
 .data          0x0000000000ff0004        0x0 sme/sme_input.o
 .data          0x0000000000ff0004        0x0 sme/sme_sound.o
 .data          0x0000000000ff0004        0x0 sme/sme_scene.o
 .data          0x0000000000ff0004        0x0 sme/sme_raster.o
 .data          0x0000000000ff0004        0x0 sme/sme_maths.o
 .data          0x0000000000ff0004        0x0 sme/sme_functions.o
 .data          0x0000000000ff0004        0x0 /opt/toolchains/gen//m68k-elf/lib/libmd.a(tab_sin.o)
 .data          0x0000000000ff0004        0x0 /opt/toolchains/gen//m68k-elf/lib/libmd.a(maths3D.o)
 .data          0x0000000000ff0004        0x0 /opt/toolchains/gen//m68k-elf/lib/libmd.a(maths3D_a.o)
                0x0000000000ff0004                _edata = .
                0x0000000000000004                _sdata = SIZEOF (.data)

.bss            0x0000000000ff0004     0x2ef2 load address 0x000000000032a520
                0x0000000000ff0004                _start = .
 *(.shbss)
 *(.bss .bss.*)
 .bss           0x0000000000ff0004        0x0 boot/sega.o
 .bss           0x0000000000ff0004       0x14 /opt/toolchains/gen//m68k-elf/lib/libmd.a(sys.o)
 .bss           0x0000000000ff0018       0x13 /opt/toolchains/gen//m68k-elf/lib/libmd.a(vdp.o)
 *fill*         0x0000000000ff002b        0x1 
 .bss           0x0000000000ff002c        0xc /opt/toolchains/gen//m68k-elf/lib/libmd.a(dma.o)
 .bss           0x0000000000ff0038       0x10 /opt/toolchains/gen//m68k-elf/lib/libmd.a(tools.o)
 .bss           0x0000000000ff0048        0x8 /opt/toolchains/gen//m68k-elf/lib/libmd.a(memory.o)
 .bss           0x0000000000ff0050       0x40 /opt/toolchains/gen//m68k-elf/lib/libmd.a(timer.o)
 .bss           0x0000000000ff0090        0x0 /opt/toolchains/gen//m68k-elf/lib/libmd.a(z80_ctrl.o)
 .bss           0x0000000000ff0090       0x8c /opt/toolchains/gen//m68k-elf/lib/libmd.a(sound.o)
 .bss           0x0000000000ff011c        0x0 /opt/toolchains/gen//m68k-elf/lib/libmd.a(ym2612.o)
 .bss           0x0000000000ff011c      0x386 /opt/toolchains/gen//m68k-elf/lib/libmd.a(vdp_pal.o)
 *fill*         0x0000000000ff04a2        0x2 
 .bss           0x0000000000ff04a4        0x0 /opt/toolchains/gen//m68k-elf/lib/libmd.a(psg.o)
 .bss           0x0000000000ff04a4        0x0 /opt/toolchains/gen//m68k-elf/lib/libmd.a(z80_vgm.o)
 .bss           0x0000000000ff04a4        0x0 /opt/toolchains/gen//m68k-elf/lib/libmd.a(vdp_tile.o)
 .bss           0x0000000000ff04a4        0x0 /opt/toolchains/gen//m68k-elf/lib/libmd.a(vdp_spr.o)
 .bss           0x0000000000ff04a4        0x0 /opt/toolchains/gen//m68k-elf/lib/libmd.a(tab_cnv.o)
 .bss           0x0000000000ff04a4        0x0 /opt/toolchains/gen//m68k-elf/lib/libmd.a(vdp_dma.o)
 .bss           0x0000000000ff04a4       0x14 /opt/toolchains/gen//m68k-elf/lib/libmd.a(bmp.o)
 .bss           0x0000000000ff04b8        0x4 /opt/toolchains/gen//m68k-elf/lib/libmd.a(tile_cache.o)
 .bss           0x0000000000ff04bc        0x0 /opt/toolchains/gen//m68k-elf/lib/libmd.a(vdp_bg.o)
 .bss           0x0000000000ff04bc        0x0 /opt/toolchains/gen//m68k-elf/lib/libmd.a(smp_null_pcm.o)
 .bss           0x0000000000ff04bc        0x0 /opt/toolchains/gen//m68k-elf/lib/libmd.a(vdp_tile_a.o)
 .bss           0x0000000000ff04bc        0x0 /opt/toolchains/gen//m68k-elf/lib/libmd.a(memory_a.o)
 .bss           0x0000000000ff04bc        0x0 /opt/toolchains/gen//m68k-elf/lib/libmd.a(vdp_pal_a.o)
 .bss           0x0000000000ff04bc        0x0 /opt/toolchains/gen//m68k-elf/lib/libmd.a(sys_a.o)
 .bss           0x0000000000ff04bc        0x0 /opt/toolchains/gen//m68k-elf/lib/libmd.a(kdebug.o)
 .bss           0x0000000000ff04bc        0x0 /opt/toolchains/gen//m68k-elf/lib/libmd.a(smp_null.o)
 .bss           0x0000000000ff04bc        0x0 /opt/toolchains/gen//m68k-elf/lib/libmd.a(bmp_a.o)
 .bss           0x0000000000ff04bc        0x0 /opt/toolchains/gen//m68k-elf/lib/libmd.a(tools_a.o)
 .bss           0x0000000000ff04bc        0x0 /opt/toolchains/gen//m68k-elf/lib/libmd.a(z80_drv1.o)
 .bss           0x0000000000ff04bc        0x0 /opt/toolchains/gen//m68k-elf/lib/libmd.a(z80_tfm.o)
 .bss           0x0000000000ff04bc        0x0 /opt/toolchains/gen//m68k-elf/lib/libmd.a(z80_drv2.o)
 .bss           0x0000000000ff04bc        0x0 /opt/toolchains/gen//m68k-elf/lib/libmd.a(z80_drv3.o)
 .bss           0x0000000000ff04bc        0x0 /opt/toolchains/gen//m68k-elf/lib/libmd.a(z80_xgm.o)
 .bss           0x0000000000ff04bc        0x0 /opt/toolchains/gen//m68k-elf/lib/libmd.a(z80_mvs.o)
 .bss           0x0000000000ff04bc        0x0 /opt/toolchains/gen//m68k-elf/lib/libmd.a(libres.o)
 .bss           0x0000000000ff04bc        0x0 /opt/toolchains/gen//m68k-elf/lib/libmd.a(tab_vol.o)
 .bss           0x0000000000ff04bc        0x0 /opt/toolchains/gen//m68k-elf/lib/libmd.a(maths.o)
 .bss           0x0000000000ff04bc        0x0 /opt/toolchains/gen//m68k-elf/lib/libmd.a(string.o)
 .bss           0x0000000000ff04bc       0x46 /opt/toolchains/gen//m68k-elf/lib/libmd.a(joy.o)
 *fill*         0x0000000000ff0502        0x2 
 .bss           0x0000000000ff0504        0x0 /opt/toolchains/gen//m68k-elf/lib/libmd.a(types.o)
 .bss           0x0000000000ff0504        0x0 /opt/toolchains/gen//m68k-elf/lib/gcc/m68k-elf/4.8.2/libgcc.a(_mulsi3.o)
 .bss           0x0000000000ff0504        0x0 /opt/toolchains/gen//m68k-elf/lib/gcc/m68k-elf/4.8.2/libgcc.a(_udivsi3.o)
 .bss           0x0000000000ff0504        0x0 /opt/toolchains/gen//m68k-elf/lib/gcc/m68k-elf/4.8.2/libgcc.a(_divsi3.o)
 .bss           0x0000000000ff0504        0x0 /opt/toolchains/gen//m68k-elf/lib/gcc/m68k-elf/4.8.2/libgcc.a(_umodsi3.o)
 .bss           0x0000000000ff0504        0x0 res/music.o
 .bss           0x0000000000ff0504        0x0 res/resources.o
 .bss           0x0000000000ff0504        0x0 main.o
 .bss           0x0000000000ff0504        0x0 sme/sme_vdp.o
 .bss           0x0000000000ff0504        0x0 sme/sme.o
 .bss           0x0000000000ff0504        0x0 sme/sme_screen.o
 .bss           0x0000000000ff0504        0x8 sme/sme_time.o
                0x0000000000ff0504                sme_Last
                0x0000000000ff0508                sme_DeltaTime
 .bss           0x0000000000ff050c        0x0 sme/sme_mesh.o
 .bss           0x0000000000ff050c        0x0 sme/sme_framebuffer.o
 .bss           0x0000000000ff050c        0x0 sme/sme_input.o
 .bss           0x0000000000ff050c        0x0 sme/sme_sound.o
 .bss           0x0000000000ff050c        0x0 sme/sme_scene.o
 .bss           0x0000000000ff050c        0x0 sme/sme_raster.o
 .bss           0x0000000000ff050c        0x0 sme/sme_maths.o
 .bss           0x0000000000ff050c        0x0 sme/sme_functions.o
 .bss           0x0000000000ff050c        0x0 /opt/toolchains/gen//m68k-elf/lib/libmd.a(tab_sin.o)
 .bss           0x0000000000ff050c        0x0 /opt/toolchains/gen//m68k-elf/lib/libmd.a(maths3D.o)
 .bss           0x0000000000ff050c        0x0 /opt/toolchains/gen//m68k-elf/lib/libmd.a(maths3D_a.o)
 *(COMMON)
 COMMON         0x0000000000ff050c       0x94 /opt/toolchains/gen//m68k-elf/lib/libmd.a(sys.o)
                0x0000000000ff050c                illegalInstCB
                0x0000000000ff0510                errorExceptionCB
                0x0000000000ff0514                trapvInstCB
                0x0000000000ff0518                chkInstCB
                0x0000000000ff051c                registerState
                0x0000000000ff055c                srState
                0x0000000000ff055e                line1x1xCB
                0x0000000000ff0562                ext2State
                0x0000000000ff0564                traceCB
                0x0000000000ff0568                intTrace
                0x0000000000ff056a                zeroDivideCB
                0x0000000000ff056e                internalExtIntCB
                0x0000000000ff0572                internalVIntCB
                0x0000000000ff0576                intCB
                0x0000000000ff057a                addressErrorCB
                0x0000000000ff057e                VIntProcess
                0x0000000000ff0582                ExtIntProcess
                0x0000000000ff0586                HIntProcess
                0x0000000000ff058a                privilegeViolationCB
                0x0000000000ff058e                pcState
                0x0000000000ff0592                ext1State
                0x0000000000ff0594                busErrorCB
                0x0000000000ff0598                internalHIntCB
                0x0000000000ff059c                addrState
 COMMON         0x0000000000ff05a0        0xe /opt/toolchains/gen//m68k-elf/lib/libmd.a(vdp.o)
                0x0000000000ff05a0                slist_adr
                0x0000000000ff05a2                hscrl_adr
                0x0000000000ff05a4                screenHeight
                0x0000000000ff05a6                screenWidth
                0x0000000000ff05a8                aplan_adr
                0x0000000000ff05aa                bplan_adr
                0x0000000000ff05ac                window_adr
 COMMON         0x0000000000ff05ae      0x200 /opt/toolchains/gen//m68k-elf/lib/libmd.a(dma.o)
                0x0000000000ff05ae                dmaQueues
 COMMON         0x0000000000ff07ae        0x4 /opt/toolchains/gen//m68k-elf/lib/libmd.a(timer.o)
                0x0000000000ff07ae                vtimer
 COMMON         0x0000000000ff07b2        0x4 /opt/toolchains/gen//m68k-elf/lib/libmd.a(z80_ctrl.o)
                0x0000000000ff07b2                driverFlags
                0x0000000000ff07b4                currentDriver
 COMMON         0x0000000000ff07b6      0x282 /opt/toolchains/gen//m68k-elf/lib/libmd.a(vdp_spr.o)
                0x0000000000ff07b6                spriteNum
                0x0000000000ff07b8                vdpSpriteCache
 COMMON         0x0000000000ff0a38        0x8 /opt/toolchains/gen//m68k-elf/lib/libmd.a(bmp.o)
                0x0000000000ff0a38                bmp_buffer_write
                0x0000000000ff0a3c                bmp_buffer_read
 COMMON         0x0000000000ff0a40        0x4 /opt/toolchains/gen//m68k-elf/lib/libmd.a(tile_cache.o)
                0x0000000000ff0a40                uploads
 COMMON         0x0000000000ff0a44        0x8 /opt/toolchains/gen//m68k-elf/lib/libmd.a(vdp_bg.o)
                0x0000000000ff0a44                text_basetile
                0x0000000000ff0a46                curTileInd
                0x0000000000ff0a48                text_plan
 COMMON         0x0000000000ff0a4c        0x2 /opt/toolchains/gen//m68k-elf/lib/libmd.a(maths.o)
                0x0000000000ff0a4c                randbase
 COMMON         0x0000000000ff0a4e       0x10 sme/sme_vdp.o
                0x0000000000ff0a4e                smeSCREEN_Height16
                0x0000000000ff0a50                smePLAN_HEIGHT
                0x0000000000ff0a52                smeSCREEN_Width16
                0x0000000000ff0a54                smeSCREEN_Height8
                0x0000000000ff0a56                smeSCREEN_Width8
                0x0000000000ff0a58                smePLAN_WIDTH
                0x0000000000ff0a5a                smeSCREEN_Height2
                0x0000000000ff0a5c                smeSCREEN_Width2
 COMMON         0x0000000000ff0a5e        0x8 sme/sme_framebuffer.o
                0x0000000000ff0a5e                smeFRAMEBUFFER
                0x0000000000ff0a62                smeFRAMEBUFFER_Offsets
 COMMON         0x0000000000ff0a66       0x12 sme/sme_input.o
                0x0000000000ff0a66                smeINPUT_States
                0x0000000000ff0a76                smeINPUT_Value
 COMMON         0x0000000000ff0a78     0x2470 sme/sme_scene.o
                0x0000000000ff0a78                smeSCENE
 COMMON         0x0000000000ff2ee8        0xe /opt/toolchains/gen//m68k-elf/lib/libmd.a(maths3D.o)
                0x0000000000ff2ee8                context3D
                0x0000000000ff2ef6                _bend = .

.stab
 *(.stab)

.stabstr
 *(.stabstr)

.eh_frame
 *(.eh_frame)
LOAD boot/sega.o
LOAD /opt/toolchains/gen//m68k-elf/lib/libmd.a
LOAD /opt/toolchains/gen//m68k-elf/lib/gcc/m68k-elf/4.8.2/libgcc.a
LOAD res/music.o
LOAD res/resources.o
LOAD main.o
LOAD sme/sme_vdp.o
LOAD sme/sme.o
LOAD sme/sme_screen.o
LOAD sme/sme_time.o
LOAD sme/sme_mesh.o
LOAD sme/sme_framebuffer.o
LOAD sme/sme_input.o
LOAD sme/sme_sound.o
LOAD sme/sme_scene.o
LOAD sme/sme_raster.o
LOAD sme/sme_maths.o
LOAD sme/sme_functions.o
LOAD /opt/toolchains/gen//m68k-elf/lib/libmd.a
LOAD /opt/toolchains/gen//m68k-elf/m68k-elf/lib/libnosys.a
OUTPUT(out.elf elf32-m68k)

.comment        0x0000000000000000       0x11
 .comment       0x0000000000000000       0x11 /opt/toolchains/gen//m68k-elf/lib/libmd.a(sys.o)
                                         0x12 (size before relaxing)
 .comment       0x0000000000000000       0x12 /opt/toolchains/gen//m68k-elf/lib/libmd.a(vdp.o)
 .comment       0x0000000000000000       0x12 /opt/toolchains/gen//m68k-elf/lib/libmd.a(dma.o)
 .comment       0x0000000000000000       0x12 /opt/toolchains/gen//m68k-elf/lib/libmd.a(tools.o)
 .comment       0x0000000000000000       0x12 /opt/toolchains/gen//m68k-elf/lib/libmd.a(memory.o)
 .comment       0x0000000000000000       0x12 /opt/toolchains/gen//m68k-elf/lib/libmd.a(timer.o)
 .comment       0x0000000000000000       0x12 /opt/toolchains/gen//m68k-elf/lib/libmd.a(z80_ctrl.o)
 .comment       0x0000000000000000       0x12 /opt/toolchains/gen//m68k-elf/lib/libmd.a(sound.o)
 .comment       0x0000000000000000       0x12 /opt/toolchains/gen//m68k-elf/lib/libmd.a(ym2612.o)
 .comment       0x0000000000000000       0x12 /opt/toolchains/gen//m68k-elf/lib/libmd.a(vdp_pal.o)
 .comment       0x0000000000000000       0x12 /opt/toolchains/gen//m68k-elf/lib/libmd.a(psg.o)
 .comment       0x0000000000000000       0x12 /opt/toolchains/gen//m68k-elf/lib/libmd.a(z80_vgm.o)
 .comment       0x0000000000000000       0x12 /opt/toolchains/gen//m68k-elf/lib/libmd.a(vdp_tile.o)
 .comment       0x0000000000000000       0x12 /opt/toolchains/gen//m68k-elf/lib/libmd.a(vdp_spr.o)
 .comment       0x0000000000000000       0x12 /opt/toolchains/gen//m68k-elf/lib/libmd.a(tab_cnv.o)
 .comment       0x0000000000000000       0x12 /opt/toolchains/gen//m68k-elf/lib/libmd.a(vdp_dma.o)
 .comment       0x0000000000000000       0x12 /opt/toolchains/gen//m68k-elf/lib/libmd.a(bmp.o)
 .comment       0x0000000000000000       0x12 /opt/toolchains/gen//m68k-elf/lib/libmd.a(tile_cache.o)
 .comment       0x0000000000000000       0x12 /opt/toolchains/gen//m68k-elf/lib/libmd.a(vdp_bg.o)
 .comment       0x0000000000000000       0x12 /opt/toolchains/gen//m68k-elf/lib/libmd.a(tab_vol.o)
 .comment       0x0000000000000000       0x12 /opt/toolchains/gen//m68k-elf/lib/libmd.a(maths.o)
 .comment       0x0000000000000000       0x12 /opt/toolchains/gen//m68k-elf/lib/libmd.a(string.o)
 .comment       0x0000000000000000       0x12 /opt/toolchains/gen//m68k-elf/lib/libmd.a(joy.o)
 .comment       0x0000000000000000       0x12 /opt/toolchains/gen//m68k-elf/lib/libmd.a(types.o)
 .comment       0x0000000000000000       0x12 main.o
 .comment       0x0000000000000000       0x12 sme/sme_vdp.o
 .comment       0x0000000000000000       0x12 sme/sme.o
 .comment       0x0000000000000000       0x12 sme/sme_screen.o
 .comment       0x0000000000000000       0x12 sme/sme_time.o
 .comment       0x0000000000000000       0x12 sme/sme_mesh.o
 .comment       0x0000000000000000       0x12 sme/sme_framebuffer.o
 .comment       0x0000000000000000       0x12 sme/sme_input.o
 .comment       0x0000000000000000       0x12 sme/sme_sound.o
 .comment       0x0000000000000000       0x12 sme/sme_scene.o
 .comment       0x0000000000000000       0x12 sme/sme_raster.o
 .comment       0x0000000000000000       0x12 sme/sme_maths.o
 .comment       0x0000000000000000       0x12 sme/sme_functions.o
 .comment       0x0000000000000000       0x12 /opt/toolchains/gen//m68k-elf/lib/libmd.a(tab_sin.o)
 .comment       0x0000000000000000       0x12 /opt/toolchains/gen//m68k-elf/lib/libmd.a(maths3D.o)

.debug_line     0x0000000000000000      0x1cd
 .debug_line    0x0000000000000000       0x6a /opt/toolchains/gen//m68k-elf/lib/gcc/m68k-elf/4.8.2/libgcc.a(_mulsi3.o)
 .debug_line    0x000000000000006a       0x83 /opt/toolchains/gen//m68k-elf/lib/gcc/m68k-elf/4.8.2/libgcc.a(_udivsi3.o)
 .debug_line    0x00000000000000ed       0x72 /opt/toolchains/gen//m68k-elf/lib/gcc/m68k-elf/4.8.2/libgcc.a(_divsi3.o)
 .debug_line    0x000000000000015f       0x6e /opt/toolchains/gen//m68k-elf/lib/gcc/m68k-elf/4.8.2/libgcc.a(_umodsi3.o)

.debug_info     0x0000000000000000      0x288
 .debug_info    0x0000000000000000       0xa2 /opt/toolchains/gen//m68k-elf/lib/gcc/m68k-elf/4.8.2/libgcc.a(_mulsi3.o)
 .debug_info    0x00000000000000a2       0xa2 /opt/toolchains/gen//m68k-elf/lib/gcc/m68k-elf/4.8.2/libgcc.a(_udivsi3.o)
 .debug_info    0x0000000000000144       0xa2 /opt/toolchains/gen//m68k-elf/lib/gcc/m68k-elf/4.8.2/libgcc.a(_divsi3.o)
 .debug_info    0x00000000000001e6       0xa2 /opt/toolchains/gen//m68k-elf/lib/gcc/m68k-elf/4.8.2/libgcc.a(_umodsi3.o)

.debug_abbrev   0x0000000000000000       0x50
 .debug_abbrev  0x0000000000000000       0x14 /opt/toolchains/gen//m68k-elf/lib/gcc/m68k-elf/4.8.2/libgcc.a(_mulsi3.o)
 .debug_abbrev  0x0000000000000014       0x14 /opt/toolchains/gen//m68k-elf/lib/gcc/m68k-elf/4.8.2/libgcc.a(_udivsi3.o)
 .debug_abbrev  0x0000000000000028       0x14 /opt/toolchains/gen//m68k-elf/lib/gcc/m68k-elf/4.8.2/libgcc.a(_divsi3.o)
 .debug_abbrev  0x000000000000003c       0x14 /opt/toolchains/gen//m68k-elf/lib/gcc/m68k-elf/4.8.2/libgcc.a(_umodsi3.o)

.debug_aranges  0x0000000000000000       0x80
 .debug_aranges
                0x0000000000000000       0x20 /opt/toolchains/gen//m68k-elf/lib/gcc/m68k-elf/4.8.2/libgcc.a(_mulsi3.o)
 .debug_aranges
                0x0000000000000020       0x20 /opt/toolchains/gen//m68k-elf/lib/gcc/m68k-elf/4.8.2/libgcc.a(_udivsi3.o)
 .debug_aranges
                0x0000000000000040       0x20 /opt/toolchains/gen//m68k-elf/lib/gcc/m68k-elf/4.8.2/libgcc.a(_divsi3.o)
 .debug_aranges
                0x0000000000000060       0x20 /opt/toolchains/gen//m68k-elf/lib/gcc/m68k-elf/4.8.2/libgcc.a(_umodsi3.o)
