Archive member included because of file (symbol)

/opt/toolchains/gen//m68k-elf/lib/libmd.a(sys.o)
                              boot/sega.o (registerState)
/opt/toolchains/gen//m68k-elf/lib/libmd.a(vdp.o)
                              /opt/toolchains/gen//m68k-elf/lib/libmd.a(sys.o) (VDP_init)
/opt/toolchains/gen//m68k-elf/lib/libmd.a(dma.o)
                              /opt/toolchains/gen//m68k-elf/lib/libmd.a(sys.o) (DMA_flushQueue)
/opt/toolchains/gen//m68k-elf/lib/libmd.a(tools.o)
                              /opt/toolchains/gen//m68k-elf/lib/libmd.a(vdp.o) (getFPS)
/opt/toolchains/gen//m68k-elf/lib/libmd.a(memory.o)
                              /opt/toolchains/gen//m68k-elf/lib/libmd.a(sys.o) (MEM_init)
/opt/toolchains/gen//m68k-elf/lib/libmd.a(timer.o)
                              /opt/toolchains/gen//m68k-elf/lib/libmd.a(tools.o) (getSubTick)
/opt/toolchains/gen//m68k-elf/lib/libmd.a(z80_ctrl.o)
                              /opt/toolchains/gen//m68k-elf/lib/libmd.a(sys.o) (Z80_init)
/opt/toolchains/gen//m68k-elf/lib/libmd.a(sound.o)
                              /opt/toolchains/gen//m68k-elf/lib/libmd.a(sys.o) (SND_set68KBUSProtection_XGM)
/opt/toolchains/gen//m68k-elf/lib/libmd.a(ym2612.o)
                              /opt/toolchains/gen//m68k-elf/lib/libmd.a(z80_ctrl.o) (YM2612_reset)
/opt/toolchains/gen//m68k-elf/lib/libmd.a(vdp_pal.o)
                              /opt/toolchains/gen//m68k-elf/lib/libmd.a(sys.o) (VDP_doStepFading)
/opt/toolchains/gen//m68k-elf/lib/libmd.a(psg.o)
                              /opt/toolchains/gen//m68k-elf/lib/libmd.a(sys.o) (PSG_init)
/opt/toolchains/gen//m68k-elf/lib/libmd.a(z80_vgm.o)
                              /opt/toolchains/gen//m68k-elf/lib/libmd.a(z80_ctrl.o) (z80_vgm)
/opt/toolchains/gen//m68k-elf/lib/libmd.a(vdp_tile.o)
                              /opt/toolchains/gen//m68k-elf/lib/libmd.a(vdp.o) (VDP_loadFont)
/opt/toolchains/gen//m68k-elf/lib/libmd.a(vdp_spr.o)
                              /opt/toolchains/gen//m68k-elf/lib/libmd.a(vdp.o) (VDP_resetSprites)
/opt/toolchains/gen//m68k-elf/lib/libmd.a(tab_cnv.o)
                              /opt/toolchains/gen//m68k-elf/lib/libmd.a(vdp_tile.o) (cnv_8to32_tab)
/opt/toolchains/gen//m68k-elf/lib/libmd.a(vdp_dma.o)
                              /opt/toolchains/gen//m68k-elf/lib/libmd.a(vdp_tile.o) (VDP_doDMA)
/opt/toolchains/gen//m68k-elf/lib/libmd.a(bmp.o)
                              /opt/toolchains/gen//m68k-elf/lib/libmd.a(sys.o) (BMP_doVBlankProcess)
/opt/toolchains/gen//m68k-elf/lib/libmd.a(tile_cache.o)
                              /opt/toolchains/gen//m68k-elf/lib/libmd.a(sys.o) (uploads)
/opt/toolchains/gen//m68k-elf/lib/libmd.a(vdp_bg.o)
                              /opt/toolchains/gen//m68k-elf/lib/libmd.a(vdp.o) (VDP_setVerticalScroll)
/opt/toolchains/gen//m68k-elf/lib/libmd.a(smp_null_pcm.o)
                              /opt/toolchains/gen//m68k-elf/lib/libmd.a(z80_ctrl.o) (smp_null_pcm)
/opt/toolchains/gen//m68k-elf/lib/libmd.a(vdp_tile_a.o)
                              /opt/toolchains/gen//m68k-elf/lib/libmd.a(vdp_tile.o) (VDP_loadTileData)
/opt/toolchains/gen//m68k-elf/lib/libmd.a(memory_a.o)
                              /opt/toolchains/gen//m68k-elf/lib/libmd.a(memory.o) (memset)
/opt/toolchains/gen//m68k-elf/lib/libmd.a(vdp_pal_a.o)
                              /opt/toolchains/gen//m68k-elf/lib/libmd.a(vdp_pal.o) (VDP_getPaletteColors)
/opt/toolchains/gen//m68k-elf/lib/libmd.a(sys_a.o)
                              /opt/toolchains/gen//m68k-elf/lib/libmd.a(timer.o) (SYS_getInterruptMaskLevel)
/opt/toolchains/gen//m68k-elf/lib/libmd.a(kdebug.o)
                              /opt/toolchains/gen//m68k-elf/lib/libmd.a(tools.o) (KDebug_Alert)
/opt/toolchains/gen//m68k-elf/lib/libmd.a(smp_null.o)
                              /opt/toolchains/gen//m68k-elf/lib/libmd.a(z80_ctrl.o) (smp_null)
/opt/toolchains/gen//m68k-elf/lib/libmd.a(bmp_a.o)
                              /opt/toolchains/gen//m68k-elf/lib/libmd.a(bmp.o) (clearBitmapBuffer)
/opt/toolchains/gen//m68k-elf/lib/libmd.a(tools_a.o)
                              /opt/toolchains/gen//m68k-elf/lib/libmd.a(tools.o) (aplib_unpack)
/opt/toolchains/gen//m68k-elf/lib/libmd.a(z80_drv1.o)
                              /opt/toolchains/gen//m68k-elf/lib/libmd.a(z80_ctrl.o) (z80_drv1)
/opt/toolchains/gen//m68k-elf/lib/libmd.a(z80_tfm.o)
                              /opt/toolchains/gen//m68k-elf/lib/libmd.a(z80_ctrl.o) (z80_tfm)
/opt/toolchains/gen//m68k-elf/lib/libmd.a(z80_drv2.o)
                              /opt/toolchains/gen//m68k-elf/lib/libmd.a(z80_ctrl.o) (z80_drv2)
/opt/toolchains/gen//m68k-elf/lib/libmd.a(z80_drv3.o)
                              /opt/toolchains/gen//m68k-elf/lib/libmd.a(z80_ctrl.o) (z80_drv3)
/opt/toolchains/gen//m68k-elf/lib/libmd.a(z80_xgm.o)
                              /opt/toolchains/gen//m68k-elf/lib/libmd.a(z80_ctrl.o) (z80_xgm)
/opt/toolchains/gen//m68k-elf/lib/libmd.a(z80_mvs.o)
                              /opt/toolchains/gen//m68k-elf/lib/libmd.a(z80_ctrl.o) (z80_mvs)
/opt/toolchains/gen//m68k-elf/lib/libmd.a(libres.o)
                              /opt/toolchains/gen//m68k-elf/lib/libmd.a(vdp.o) (font_lib)
/opt/toolchains/gen//m68k-elf/lib/libmd.a(tab_vol.o)
                              /opt/toolchains/gen//m68k-elf/lib/libmd.a(z80_ctrl.o) (tab_vol)
/opt/toolchains/gen//m68k-elf/lib/libmd.a(maths.o)
                              /opt/toolchains/gen//m68k-elf/lib/libmd.a(sys.o) (randbase)
/opt/toolchains/gen//m68k-elf/lib/libmd.a(string.o)
                              /opt/toolchains/gen//m68k-elf/lib/libmd.a(sys.o) (strlen)
/opt/toolchains/gen//m68k-elf/lib/libmd.a(joy.o)
                              /opt/toolchains/gen//m68k-elf/lib/libmd.a(sys.o) (JOY_init)
/opt/toolchains/gen//m68k-elf/lib/libmd.a(types.o)
                              /opt/toolchains/gen//m68k-elf/lib/libmd.a(z80_ctrl.o) (getZeroU8)
/opt/toolchains/gen//m68k-elf/lib/gcc/m68k-elf/4.8.2/libgcc.a(_mulsi3.o)
                              /opt/toolchains/gen//m68k-elf/lib/libmd.a(tools.o) (__mulsi3)
/opt/toolchains/gen//m68k-elf/lib/gcc/m68k-elf/4.8.2/libgcc.a(_udivsi3.o)
                              /opt/toolchains/gen//m68k-elf/lib/libmd.a(tools.o) (__udivsi3)
/opt/toolchains/gen//m68k-elf/lib/gcc/m68k-elf/4.8.2/libgcc.a(_divsi3.o)
                              /opt/toolchains/gen//m68k-elf/lib/libmd.a(vdp_pal.o) (__divsi3)
/opt/toolchains/gen//m68k-elf/lib/gcc/m68k-elf/4.8.2/libgcc.a(_umodsi3.o)
                              /opt/toolchains/gen//m68k-elf/lib/libmd.a(string.o) (__umodsi3)
/opt/toolchains/gen//m68k-elf/lib/libmd.a(tab_sin.o)
                              sme/sme_maths.o (sintab32)
/opt/toolchains/gen//m68k-elf/lib/libmd.a(maths3D.o)
                              main.o (M3D_reset)
/opt/toolchains/gen//m68k-elf/lib/libmd.a(maths3D_a.o)
                              main.o (M3D_transform)

Allocating common symbols
Common symbol       size              file

smeFRAMEBUFFER      0x4               sme/sme_framebuffer.o
illegalInstCB       0x4               /opt/toolchains/gen//m68k-elf/lib/libmd.a(sys.o)
slist_adr           0x2               /opt/toolchains/gen//m68k-elf/lib/libmd.a(vdp.o)
errorExceptionCB    0x4               /opt/toolchains/gen//m68k-elf/lib/libmd.a(sys.o)
SCENE_Barrel_BitmapWidth
                    0x4               main.o
trapvInstCB         0x4               /opt/toolchains/gen//m68k-elf/lib/libmd.a(sys.o)
vtimer              0x4               /opt/toolchains/gen//m68k-elf/lib/libmd.a(timer.o)
driverFlags         0x2               /opt/toolchains/gen//m68k-elf/lib/libmd.a(z80_ctrl.o)
dmaQueues           0x200             /opt/toolchains/gen//m68k-elf/lib/libmd.a(dma.o)
chkInstCB           0x4               /opt/toolchains/gen//m68k-elf/lib/libmd.a(sys.o)
smeSCENE            0x2470            sme/sme_scene.o
registerState       0x40              /opt/toolchains/gen//m68k-elf/lib/libmd.a(sys.o)
context3D           0xe               /opt/toolchains/gen//m68k-elf/lib/libmd.a(maths3D.o)
smeSCREEN_Height16  0x2               sme/sme_vdp.o
smePLAN_HEIGHT      0x2               sme/sme_vdp.o
smeSCREEN_Width16   0x2               sme/sme_vdp.o
text_basetile       0x2               /opt/toolchains/gen//m68k-elf/lib/libmd.a(vdp_bg.o)
SCENE_Barrel_BitmapHeight
                    0x4               main.o
bmp_buffer_write    0x4               /opt/toolchains/gen//m68k-elf/lib/libmd.a(bmp.o)
srState             0x2               /opt/toolchains/gen//m68k-elf/lib/libmd.a(sys.o)
smeFRAMEBUFFER_Offsets
                    0x4               sme/sme_framebuffer.o
line1x1xCB          0x4               /opt/toolchains/gen//m68k-elf/lib/libmd.a(sys.o)
smeSCREEN_Height8   0x2               sme/sme_vdp.o
SCENE_Barrel_Mesh   0x4               main.o
randbase            0x2               /opt/toolchains/gen//m68k-elf/lib/libmd.a(maths.o)
ext2State           0x2               /opt/toolchains/gen//m68k-elf/lib/libmd.a(sys.o)
traceCB             0x4               /opt/toolchains/gen//m68k-elf/lib/libmd.a(sys.o)
intTrace            0x2               /opt/toolchains/gen//m68k-elf/lib/libmd.a(sys.o)
SCENE_Barrel_Scanlines
                    0x4               main.o
zeroDivideCB        0x4               /opt/toolchains/gen//m68k-elf/lib/libmd.a(sys.o)
curTileInd          0x2               /opt/toolchains/gen//m68k-elf/lib/libmd.a(vdp_bg.o)
hscrl_adr           0x2               /opt/toolchains/gen//m68k-elf/lib/libmd.a(vdp.o)
internalExtIntCB    0x4               /opt/toolchains/gen//m68k-elf/lib/libmd.a(sys.o)
spriteNum           0x2               /opt/toolchains/gen//m68k-elf/lib/libmd.a(vdp_spr.o)
text_plan           0x4               /opt/toolchains/gen//m68k-elf/lib/libmd.a(vdp_bg.o)
SCENE_Barrel_FrameBuffers
                    0x8               main.o
screenHeight        0x2               /opt/toolchains/gen//m68k-elf/lib/libmd.a(vdp.o)
internalVIntCB      0x4               /opt/toolchains/gen//m68k-elf/lib/libmd.a(sys.o)
smeSCREEN_Width8    0x2               sme/sme_vdp.o
intCB               0x4               /opt/toolchains/gen//m68k-elf/lib/libmd.a(sys.o)
smeINPUT_States     0x10              sme/sme_input.o
screenWidth         0x2               /opt/toolchains/gen//m68k-elf/lib/libmd.a(vdp.o)
addressErrorCB      0x4               /opt/toolchains/gen//m68k-elf/lib/libmd.a(sys.o)
bmp_buffer_read     0x4               /opt/toolchains/gen//m68k-elf/lib/libmd.a(bmp.o)
VIntProcess         0x4               /opt/toolchains/gen//m68k-elf/lib/libmd.a(sys.o)
currentDriver       0x2               /opt/toolchains/gen//m68k-elf/lib/libmd.a(z80_ctrl.o)
vdpSpriteCache      0x280             /opt/toolchains/gen//m68k-elf/lib/libmd.a(vdp_spr.o)
smeINPUT_Value      0x2               sme/sme_input.o
uploads             0x4               /opt/toolchains/gen//m68k-elf/lib/libmd.a(tile_cache.o)
smePLAN_WIDTH       0x2               sme/sme_vdp.o
ExtIntProcess       0x4               /opt/toolchains/gen//m68k-elf/lib/libmd.a(sys.o)
aplan_adr           0x2               /opt/toolchains/gen//m68k-elf/lib/libmd.a(vdp.o)
bplan_adr           0x2               /opt/toolchains/gen//m68k-elf/lib/libmd.a(vdp.o)
HIntProcess         0x4               /opt/toolchains/gen//m68k-elf/lib/libmd.a(sys.o)
SCENE_Barrel_Height
                    0x4               main.o
SCENE_Barrel_DepthBuffer
                    0x4               main.o
privilegeViolationCB
                    0x4               /opt/toolchains/gen//m68k-elf/lib/libmd.a(sys.o)
pcState             0x4               /opt/toolchains/gen//m68k-elf/lib/libmd.a(sys.o)
ext1State           0x2               /opt/toolchains/gen//m68k-elf/lib/libmd.a(sys.o)
busErrorCB          0x4               /opt/toolchains/gen//m68k-elf/lib/libmd.a(sys.o)
internalHIntCB      0x4               /opt/toolchains/gen//m68k-elf/lib/libmd.a(sys.o)
smeSCREEN_Height2   0x2               sme/sme_vdp.o
window_adr          0x2               /opt/toolchains/gen//m68k-elf/lib/libmd.a(vdp.o)
smeSCREEN_Width2    0x2               sme/sme_vdp.o
addrState           0x4               /opt/toolchains/gen//m68k-elf/lib/libmd.a(sys.o)

Memory Configuration

Name             Origin             Length             Attributes
rom              0x0000000000000000 0x0000000000a00000
ram              0x0000000000ff0000 0x0000000000010000
*default*        0x0000000000000000 0xffffffffffffffff

Linker script and memory map

                0x0000000000000000                __DYNAMIC = 0x0
                0x0000000001000000                PROVIDE (__stack, 0x1000000)

.text           0x0000000000000000    0x29e4c
 *(.text.keepboot)
 .text.keepboot
                0x0000000000000000      0x5f4 boot/sega.o
 *(.text.*)
 .text.startup  0x00000000000005f4        0xc main.o
                0x00000000000005f4                main
 *(.text)
 .text          0x0000000000000600        0x0 boot/sega.o
 .text          0x0000000000000600      0x9d8 /opt/toolchains/gen//m68k-elf/lib/libmd.a(sys.o)
                0x0000000000000600                _trace_callback
                0x0000000000000602                _line1x1x_callback
                0x0000000000000604                _int_callback
                0x0000000000000606                _extint_callback
                0x00000000000009f4                _buserror_callback
                0x0000000000000a1c                _addresserror_callback
                0x0000000000000ad0                _illegalinst_callback
                0x0000000000000af8                _chkinst_callback
                0x0000000000000b20                _trapvinst_callback
                0x0000000000000b48                _vint_callback
                0x0000000000000c46                _hint_callback
                0x0000000000000d7c                _zerodivide_callback
                0x0000000000000da4                _privilegeviolation_callback
                0x0000000000000dcc                _errorexception_callback
                0x0000000000000df4                _start_entry
                0x0000000000000ea8                _reset_entry
                0x0000000000000eb8                SYS_disableInts
                0x0000000000000ee8                SYS_enableInts
                0x0000000000000f14                SYS_setVIntPreCallback
                0x0000000000000f1e                SYS_setVIntCallback
                0x0000000000000f28                SYS_setHIntCallback
                0x0000000000000f32                SYS_setExtIntCallback
                0x0000000000000f3c                SYS_isInVIntCallback
                0x0000000000000f48                SYS_isInHIntCallback
                0x0000000000000f54                SYS_isInExtIntCallback
                0x0000000000000f60                SYS_isInInterrupt
                0x0000000000000f68                SYS_isNTSC
                0x0000000000000f78                SYS_isPAL
                0x0000000000000f84                SYS_die
 .text          0x0000000000000fd8      0x886 /opt/toolchains/gen//m68k-elf/lib/libmd.a(vdp.o)
                0x0000000000000fd8                VDP_getReg
                0x0000000000000ff8                VDP_setReg
                0x0000000000001150                VDP_getEnable
                0x000000000000115c                VDP_setEnable
                0x0000000000001188                VDP_getScanlineNumber
                0x000000000000119e                VDP_getScreenHeight
                0x00000000000011a6                VDP_setScreenHeight224
                0x00000000000011cc                VDP_setScreenHeight240
                0x00000000000011fe                VDP_getScreenWidth
                0x0000000000001206                VDP_setScreenWidth256
                0x000000000000122c                VDP_setScreenWidth320
                0x0000000000001252                VDP_getPlanWidth
                0x0000000000001266                VDP_getPlanHeight
                0x0000000000001278                VDP_setPlanSize
                0x00000000000012ac                VDP_getVerticalScrollingMode
                0x00000000000012ba                VDP_getHorizontalScrollingMode
                0x00000000000012c6                VDP_setScrollingMode
                0x00000000000012f8                VDP_getBackgroundColor
                0x0000000000001300                VDP_setBackgroundColor
                0x000000000000131e                VDP_getAutoInc
                0x0000000000001326                VDP_setAutoInc
                0x0000000000001340                VDP_setHInterrupt
                0x000000000000136c                VDP_setHilightShadow
                0x0000000000001398                VDP_getHIntCounter
                0x00000000000013a0                VDP_setHIntCounter
                0x00000000000013ba                VDP_getAPlanAddress
                0x00000000000013c2                VDP_getBPlanAddress
                0x00000000000013ca                VDP_getWindowAddress
                0x00000000000013d2                VDP_getWindowPlanAddress
                0x00000000000013da                VDP_getSpriteListAddress
                0x00000000000013e2                VDP_getHScrollTableAddress
                0x00000000000013ea                VDP_setAPlanAddress
                0x000000000000140e                VDP_setWindowAddress
                0x0000000000001450                VDP_setWindowPlanAddress
                0x0000000000001460                VDP_setBPlanAddress
                0x0000000000001484                VDP_setSpriteListAddress
                0x00000000000014c6                VDP_setHScrollTableAddress
                0x00000000000014ec                VDP_setScanMode
                0x0000000000001534                VDP_waitDMACompletion
                0x0000000000001542                VDP_init
                0x0000000000001744                VDP_waitFIFOEmpty
                0x0000000000001752                VDP_waitVSync
                0x000000000000176c                VDP_resetScreen
                0x00000000000017e0                VDP_showFPS
 *fill*         0x000000000000185e        0x2 
 .text          0x0000000000001860      0x5a8 /opt/toolchains/gen//m68k-elf/lib/libmd.a(dma.o)
                0x0000000000001860                DMA_getAutoFlush
                0x0000000000001868                DMA_setAutoFlush
                0x000000000000188e                DMA_getMaxTransferSize
                0x0000000000001896                DMA_setMaxTransferSize
                0x00000000000018a0                DMA_clearQueue
                0x00000000000018ba                DMA_flushQueue
                0x000000000000197e                DMA_getQueueSize
                0x0000000000001986                DMA_getQueueTransferSize
                0x000000000000198e                DMA_queueDma
                0x0000000000001b78                DMA_waitCompletion
                0x0000000000001b86                DMA_doDma
                0x0000000000001cd6                DMA_doVRamFill
                0x0000000000001d82                DMA_doVRamCopy
 .text          0x0000000000001e08     0x1860 /opt/toolchains/gen//m68k-elf/lib/libmd.a(tools.o)
                0x0000000000001e08                getFPS
                0x0000000000001e70                getFPS_f
                0x0000000000001ef2                KLog
                0x0000000000001f16                KLog_U1
                0x0000000000001f62                KLog_U2
                0x0000000000001fd0                KLog_U3
                0x000000000000205c                KLog_U4
                0x0000000000002104                KLog_U1x
                0x0000000000002154                KLog_U2x
                0x00000000000021c4                KLog_U3x
                0x0000000000002250                KLog_U4x
                0x00000000000022f6                KLog_S1
                0x0000000000002342                KLog_S2
                0x00000000000023b0                KLog_S3
                0x000000000000243c                KLog_S4
                0x00000000000024e4                KLog_S1x
                0x0000000000002534                KLog_S2x
                0x00000000000025a4                KLog_S3x
                0x0000000000002630                KLog_S4x
                0x00000000000026d6                KLog_f1
                0x0000000000002726                KLog_f2
                0x000000000000279c                KLog_f3
                0x0000000000002834                KLog_f4
                0x00000000000028ec                KLog_f1x
                0x0000000000002940                KLog_f2x
                0x00000000000029b8                KLog_f3x
                0x0000000000002a50                KLog_f4x
                0x0000000000002b06                KLog_F1
                0x0000000000002b52                KLog_F2
                0x0000000000002bc0                KLog_F3
                0x0000000000002c4c                KLog_F4
                0x0000000000002cf4                KLog_F1x
                0x0000000000002d44                KLog_F2x
                0x0000000000002db4                KLog_F3x
                0x0000000000002e40                KLog_F4x
                0x0000000000002ee6                allocateBitmap
                0x0000000000002f46                allocateBitmapEx
                0x0000000000002f88                allocateTileSet
                0x0000000000002fd2                allocateTileSetEx
                0x0000000000002ffe                allocateMap
                0x0000000000003048                allocateMapEx
                0x0000000000003072                allocateImage
                0x0000000000003136                rle4b_unpack
                0x0000000000003190                rlemap_unpack
                0x0000000000003228                unpackEx
                0x00000000000032d6                getTileSet
                0x0000000000003324                unpack
                0x0000000000003342                unpackBitmap
                0x00000000000033d4                unpackTileSet
                0x0000000000003446                unpackMap
                0x00000000000034bc                unpackImage
                0x0000000000003512                rle4b_unpackVRam
                0x000000000000359e                uftc_unpack_old
 .text          0x0000000000003668      0x236 /opt/toolchains/gen//m68k-elf/lib/libmd.a(memory.o)
                0x0000000000003668                MEM_init
                0x0000000000003690                MEM_getFree
                0x00000000000036ba                MEM_free
                0x00000000000036cc                MEM_alloc
                0x00000000000037aa                memcpyU16
                0x00000000000037c8                memcpyU32
                0x00000000000037e8                fastMemset
                0x0000000000003808                fastMemsetU16
                0x0000000000003828                fastMemsetU32
                0x0000000000003844                fastMemcpy
                0x0000000000003860                fastMemcpyU16
                0x000000000000387e                fastMemcpyU32
 *fill*         0x000000000000389e        0x2 
 .text          0x00000000000038a0      0x1d4 /opt/toolchains/gen//m68k-elf/lib/libmd.a(timer.o)
                0x00000000000038a0                getSubTick
                0x00000000000038f2                getTick
                0x000000000000391e                getTime
                0x0000000000003940                getTimeAsFix32
                0x0000000000003954                startTimer
                0x0000000000003976                getTimer
                0x00000000000039ba                waitSubTick
                0x0000000000003a02                waitTick
                0x0000000000003a44                waitMs
 .text          0x0000000000003a74      0x5f2 /opt/toolchains/gen//m68k-elf/lib/libmd.a(z80_ctrl.o)
                0x0000000000003a74                Z80_isBusTaken
                0x0000000000003a86                Z80_requestBus
                0x0000000000003aac                Z80_releaseBus
                0x0000000000003ab6                Z80_startReset
                0x0000000000003ac0                Z80_endReset
                0x0000000000003aca                Z80_setBank
                0x0000000000003ade                Z80_init
                0x0000000000003afc                Z80_read
                0x0000000000003b0e                Z80_write
                0x0000000000003b22                Z80_clear
                0x0000000000003b9a                Z80_upload
                0x0000000000003c0e                Z80_download
                0x0000000000003c66                Z80_getLoadedDriver
                0x0000000000003c6e                Z80_unloadDriver
                0x0000000000003ca0                Z80_loadCustomDriver
                0x0000000000003ce4                Z80_isDriverReady
                0x0000000000003d1a                Z80_loadDriver
 *fill*         0x0000000000004066        0x2 
 .text          0x0000000000004068      0xf5c /opt/toolchains/gen//m68k-elf/lib/libmd.a(sound.o)
                0x0000000000004068                SND_isPlaying_PCM
                0x000000000000409c                SND_startPlay_PCM
                0x0000000000004140                SND_stopPlay_PCM
                0x00000000000041aa                SND_isPlaying_2ADPCM
                0x00000000000041e0                SND_startPlay_2ADPCM
                0x00000000000042a0                SND_stopPlay_2ADPCM
                0x000000000000431a                SND_isPlaying_4PCM_ENV
                0x0000000000004350                SND_startPlay_4PCM_ENV
                0x000000000000442a                SND_stopPlay_4PCM_ENV
                0x00000000000044a4                SND_setVolume_4PCM_ENV
                0x00000000000044ec                SND_getVolume_4PCM_ENV
                0x000000000000452e                SND_isPlaying_MVS
                0x0000000000004560                SND_startPlay_MVS
                0x00000000000045ca                SND_stopPlay_MVS
                0x00000000000045fc                SND_setTempo_MVS
                0x000000000000462c                SND_startDAC_MVS
                0x000000000000468e                SND_stopDAC_MVS
                0x00000000000046b8                SND_isPlayingPSG_MVS
                0x00000000000046e6                SND_startPSG_MVS
                0x0000000000004732                SND_stopPSG_MVS
                0x000000000000475c                SND_enablePSG_MVS
                0x000000000000479c                SND_disablePSG_MVS
                0x00000000000047dc                SND_startPlay_TFM
                0x0000000000004850                SND_stopPlay_TFM
                0x0000000000004858                SND_stopPlay_VGM
                0x0000000000004884                SND_resumePlay_VGM
                0x00000000000048b0                SND_isPlaying_VGM
                0x00000000000048e0                SND_startPlay_VGM
                0x000000000000495c                SND_playSfx_VGM
                0x00000000000049be                SND_isPlaying_XGM
                0x00000000000049f2                SND_startPlay_XGM
                0x0000000000004b0a                SND_stopPlay_XGM
                0x0000000000004b72                SND_pausePlay_XGM
                0x0000000000004ba4                SND_resumePlay_XGM
                0x0000000000004bde                SND_isPlayingPCM_XGM
                0x0000000000004c14                SND_setPCMFast_XGM
                0x0000000000004c52                SND_setPCM_XGM
                0x0000000000004c92                SND_startPlayPCM_XGM
                0x0000000000004cf4                SND_stopPlayPCM_XGM
                0x0000000000004d4a                SND_set68KBUSProtection_XGM
                0x0000000000004d72                SND_nextXFrame_XGM
                0x0000000000004dba                SND_getManualSync_XGM
                0x0000000000004dc6                SND_setManualSync_XGM
                0x0000000000004e0c                SND_getForceDelayDMA_XGM
                0x0000000000004e18                SND_setForceDelayDMA_XGM
                0x0000000000004e3e                SND_getMusicTempo_XGM
                0x0000000000004e46                SND_setMusicTempo_XGM
                0x0000000000004e6e                SND_getCPULoad_XGM
                0x0000000000004f2e                XGM_resetLoadCalculation
                0x0000000000004f5c                XGM_doVBlankProcess
 .text          0x0000000000004fc4      0x1f2 /opt/toolchains/gen//m68k-elf/lib/libmd.a(ym2612.o)
                0x0000000000004fc4                YM2612_read
                0x0000000000004fde                YM2612_write
                0x0000000000005002                YM2612_reset
                0x00000000000050ec                YM2612_writeSafe
                0x0000000000005104                YM2612_writeReg
                0x0000000000005156                YM2612_writeRegSafe
                0x0000000000005178                YM2612_enableDAC
                0x0000000000005198                YM2612_disableDAC
 *fill*         0x00000000000051b6        0x2 
 .text          0x00000000000051b8      0x618 /opt/toolchains/gen//m68k-elf/lib/libmd.a(vdp_pal.o)
                0x0000000000005270                VDP_getPaletteColor
                0x00000000000052a4                VDP_setPaletteColor
                0x00000000000052e2                VDP_doStepFading
                0x00000000000053bc                VDP_initFading
                0x00000000000054e8                VDP_interruptFade
                0x00000000000054fa                VDP_fade
                0x000000000000556a                VDP_fadeTo
                0x00000000000055ca                VDP_fadeOut
                0x00000000000055fa                VDP_fadeIn
                0x000000000000562e                VDP_fadePal
                0x000000000000566a                VDP_fadePalTo
                0x00000000000056a2                VDP_fadePalOut
                0x00000000000056dc                VDP_fadePalIn
                0x000000000000571a                VDP_fadeAll
                0x0000000000005742                VDP_fadeAllTo
                0x0000000000005766                VDP_fadeOutAll
                0x000000000000578c                VDP_fadeInAll
                0x00000000000057b6                VDP_isDoingFade
                0x00000000000057c2                VDP_waitFadeCompletion
 .text          0x00000000000057d0      0x114 /opt/toolchains/gen//m68k-elf/lib/libmd.a(psg.o)
                0x00000000000057d0                PSG_init
                0x00000000000057fc                PSG_write
                0x0000000000005806                PSG_setEnvelope
                0x0000000000005826                PSG_setTone
                0x0000000000005856                PSG_setFrequency
                0x00000000000058bc                PSG_setNoise
 .text          0x00000000000058e4        0x0 /opt/toolchains/gen//m68k-elf/lib/libmd.a(z80_vgm.o)
 .text          0x00000000000058e4      0xb94 /opt/toolchains/gen//m68k-elf/lib/libmd.a(vdp_tile.o)
                0x00000000000058e4                VDP_loadTileSet
                0x000000000000598e                VDP_loadFontData
                0x00000000000059be                VDP_loadFont
                0x00000000000059e4                VDP_loadBMPTileDataEx
                0x0000000000005a38                VDP_fillTileData
                0x0000000000005af2                VDP_setTileMap
                0x0000000000005b30                VDP_setTileMapXY
                0x0000000000005b96                VDP_fillTileMap
                0x0000000000005c32                VDP_fillTileMapRectByIndex
                0x0000000000005c5c                VDP_fillTileMapRect
                0x0000000000005d02                VDP_clearTileMap
                0x0000000000005d56                VDP_clearTileMapRectByIndex
                0x0000000000005d80                VDP_clearTileMapRect
                0x0000000000005db4                VDP_fillTileMapInc
                0x0000000000005e7e                VDP_fillTileMapRectIncByIndex
                0x0000000000005ea8                VDP_fillTileMapRectInc
                0x0000000000005f54                VDP_setTileMapData
                0x0000000000006038                VDP_setTileMapRectByIndex
                0x0000000000006066                VDP_setTileMapDataRect
                0x000000000000611e                VDP_setTileMapDataEx
                0x0000000000006210                VDP_setTileMapRectExByIndex
                0x0000000000006242                VDP_setTileMapDataRectEx
                0x0000000000006328                VDP_setTileMapRectEx
                0x000000000000636c                VDP_setMapEx
                0x0000000000006434                VDP_setMap
 .text          0x0000000000006478      0x3ec /opt/toolchains/gen//m68k-elf/lib/libmd.a(vdp_spr.o)
                0x0000000000006478                VDP_resetSprites
                0x0000000000006490                VDP_resetSpritesDirect
                0x00000000000064d2                VDP_setSprite
                0x000000000000652e                VDP_setSpriteP
                0x000000000000657a                VDP_setSpriteDirect
                0x00000000000065fc                VDP_setSpriteDirectP
                0x000000000000667e                VDP_setSpritePosition
                0x00000000000066be                VDP_setSpritesDirect
                0x0000000000006750                VDP_setSprites
                0x00000000000067c2                VDP_updateSprites
 .text          0x0000000000006864        0x0 /opt/toolchains/gen//m68k-elf/lib/libmd.a(tab_cnv.o)
 .text          0x0000000000006864      0x266 /opt/toolchains/gen//m68k-elf/lib/libmd.a(vdp_dma.o)
                0x0000000000006864                VDP_doDMAEx
                0x00000000000069b4                VDP_doDMA
                0x00000000000069de                VDP_doVRamDMAFill
                0x0000000000006a52                VDP_doVRamDMACopy
 *fill*         0x0000000000006aca        0x2 
 .text          0x0000000000006acc     0x111e /opt/toolchains/gen//m68k-elf/lib/libmd.a(bmp.o)
                0x0000000000006c20                BMP_end
                0x0000000000006c84                BMP_hasFlipRequestPending
                0x0000000000006c92                BMP_waitWhileFlipRequestPending
                0x0000000000006ca2                BMP_hasFlipInProgess
                0x0000000000006cae                BMP_waitFlipComplete
                0x0000000000006cbe                BMP_flip
                0x0000000000006d12                BMP_drawText
                0x0000000000006d70                BMP_clearText
                0x0000000000006dcc                BMP_clearTextLine
                0x0000000000006e0c                BMP_showFPS
                0x0000000000006ede                BMP_clear
                0x0000000000006eee                BMP_reset
                0x0000000000007010                BMP_init
                0x000000000000704e                BMP_getWritePointer
                0x0000000000007074                BMP_getReadPointer
                0x000000000000709a                BMP_getPixel
                0x00000000000070d2                BMP_setPixel
                0x000000000000710a                BMP_setPixels_V2D
                0x000000000000715a                BMP_setPixels
                0x00000000000071b4                BMP_drawBitmapData
                0x0000000000007256                BMP_drawBitmap
                0x000000000000732a                BMP_loadBitmapData
                0x000000000000735c                BMP_loadBitmap
                0x0000000000007382                BMP_getBitmapPalette
                0x000000000000739e                BMP_scale
                0x0000000000007478                BMP_drawBitmapScaled
                0x0000000000007582                BMP_loadAndScaleBitmap
                0x00000000000075b8                BMP_doVBlankProcess
                0x00000000000075c0                BMP_doHBlankProcess
 *fill*         0x0000000000007bea        0x2 
 .text          0x0000000000007bec      0x65c /opt/toolchains/gen//m68k-elf/lib/libmd.a(tile_cache.o)
                0x0000000000007c8c                TC_init
                0x0000000000007cc4                TC_end
                0x0000000000007d26                TC_createCacheEx
                0x0000000000007d6c                TC_createCache
                0x0000000000007d8e                TC_releaseCache
                0x0000000000007da0                TC_clearCache
                0x0000000000007db2                TC_flushCache
                0x0000000000007dbc                TC_alloc
                0x00000000000080a6                TC_reAlloc
                0x0000000000008132                TC_free
                0x00000000000081ac                TC_getTileIndex
                0x00000000000081fa                TC_uploadAtVBlank
                0x000000000000822e                TC_doVBlankProcess
 .text          0x0000000000008248      0x80c /opt/toolchains/gen//m68k-elf/lib/libmd.a(vdp_bg.o)
                0x0000000000008248                VDP_setHorizontalScroll
                0x0000000000008294                VDP_setHorizontalScrollTile
                0x000000000000833a                VDP_setHorizontalScrollLine
                0x00000000000083e0                VDP_setVerticalScroll
                0x000000000000841e                VDP_setVerticalScrollTile
                0x00000000000084b4                VDP_clearPlan
                0x000000000000856a                VDP_getTextPlan
                0x0000000000008586                VDP_getTextPalette
                0x0000000000008596                VDP_getTextPriority
                0x00000000000085a2                VDP_setTextPlan
                0x00000000000085c6                VDP_setTextPalette
                0x00000000000085e6                VDP_setTextPriority
                0x0000000000008604                VDP_drawTextBG
                0x00000000000086b0                VDP_clearTextBG
                0x00000000000086e2                VDP_clearTextLineBG
                0x0000000000008718                VDP_drawText
                0x000000000000874c                VDP_clearText
                0x000000000000877a                VDP_clearTextLine
                0x0000000000008796                VDP_drawBitmapEx
                0x00000000000088a6                VDP_drawBitmap
                0x000000000000892e                VDP_drawImageEx
                0x00000000000089d6                VDP_drawImage
 *fill*         0x0000000000008a54       0xac 
 .text          0x0000000000008b00       0x80 /opt/toolchains/gen//m68k-elf/lib/libmd.a(smp_null_pcm.o)
                0x0000000000008b00                smp_null_pcm
 .text          0x0000000000008b80      0x102 /opt/toolchains/gen//m68k-elf/lib/libmd.a(vdp_tile_a.o)
                0x0000000000008b80                VDP_loadTileData
                0x0000000000008bfc                VDP_loadBMPTileData
 *fill*         0x0000000000008c82        0x2 
 .text          0x0000000000008c84      0x1b8 /opt/toolchains/gen//m68k-elf/lib/libmd.a(memory_a.o)
                0x0000000000008c84                memset
                0x0000000000008cfc                memsetU16
                0x0000000000008d5a                memsetU32
                0x0000000000008d98                memcpy
 .text          0x0000000000008e3c      0x15c /opt/toolchains/gen//m68k-elf/lib/libmd.a(vdp_pal_a.o)
                0x0000000000008e3c                VDP_getPaletteColors
                0x0000000000008ea2                VDP_setPaletteColors
                0x0000000000008f08                VDP_getPalette
                0x0000000000008f50                VDP_setPalette
 .text          0x0000000000008f98       0x48 /opt/toolchains/gen//m68k-elf/lib/libmd.a(sys_a.o)
                0x0000000000008f98                SYS_assertReset
                0x0000000000008f9c                SYS_reset
                0x0000000000008faa                SYS_getInterruptMaskLevel
                0x0000000000008fb4                SYS_setInterruptMaskLevel
                0x0000000000008fc6                SYS_getAndSetInterruptMaskLevel
 .text          0x0000000000008fe0       0x88 /opt/toolchains/gen//m68k-elf/lib/libmd.a(kdebug.o)
                0x0000000000008fe0                KDebug_Halt
                0x0000000000008fea                KDebug_Alert
                0x0000000000009006                KDebug_AlertNumber
                0x0000000000009054                KDebug_StartTimer
                0x000000000000905e                KDebug_StopTimer
 *fill*         0x0000000000009068       0x98 
 .text          0x0000000000009100      0x100 /opt/toolchains/gen//m68k-elf/lib/libmd.a(smp_null.o)
                0x0000000000009100                smp_null
 .text          0x0000000000009200     0x13f8 /opt/toolchains/gen//m68k-elf/lib/libmd.a(bmp_a.o)
                0x0000000000009200                clearBitmapBuffer
                0x0000000000009342                BMP_clipLine
                0x000000000000935e                BMP_drawLine
                0x00000000000093ce                BMP_isPolygonCulled
                0x0000000000009cfc                BMP_drawPolygon
 .text          0x000000000000a5f8      0x10a /opt/toolchains/gen//m68k-elf/lib/libmd.a(tools_a.o)
                0x000000000000a5f8                aplib_unpack
                0x000000000000a5fe                aplib_decrunch
                0x000000000000a6a0                uftc_unpack
 *fill*         0x000000000000a702        0x2 
 .text          0x000000000000a704      0xb26 /opt/toolchains/gen//m68k-elf/lib/libmd.a(z80_drv1.o)
                0x000000000000a704                z80_drv1
 *fill*         0x000000000000b22a        0x2 
 .text          0x000000000000b22c      0x69e /opt/toolchains/gen//m68k-elf/lib/libmd.a(z80_tfm.o)
                0x000000000000b22c                z80_tfm
 *fill*         0x000000000000b8ca        0x2 
 .text          0x000000000000b8cc      0xe00 /opt/toolchains/gen//m68k-elf/lib/libmd.a(z80_drv2.o)
                0x000000000000b8cc                z80_drv2
 .text          0x000000000000c6cc      0xa64 /opt/toolchains/gen//m68k-elf/lib/libmd.a(z80_drv3.o)
                0x000000000000c6cc                z80_drv3
 .text          0x000000000000d130     0x1700 /opt/toolchains/gen//m68k-elf/lib/libmd.a(z80_xgm.o)
                0x000000000000d130                z80_xgm
 .text          0x000000000000e830      0xa5c /opt/toolchains/gen//m68k-elf/lib/libmd.a(z80_mvs.o)
                0x000000000000e830                z80_mvs
 .text          0x000000000000f28c        0x0 /opt/toolchains/gen//m68k-elf/lib/libmd.a(libres.o)
 .text          0x000000000000f28c        0x0 /opt/toolchains/gen//m68k-elf/lib/libmd.a(tab_vol.o)
 .text          0x000000000000f28c      0x656 /opt/toolchains/gen//m68k-elf/lib/libmd.a(maths.o)
                0x000000000000f28c                random
                0x000000000000f2ac                intToBCD
                0x000000000000f340                distance_approx
                0x000000000000f392                Partition_u8
                0x000000000000f414                QSort_u8
                0x000000000000f462                Partition_s8
                0x000000000000f4e4                QSort_s8
                0x000000000000f532                Partition_u16
                0x000000000000f5c2                QSort_u16
                0x000000000000f610                Partition_s16
                0x000000000000f6a0                QSort_s16
                0x000000000000f6ee                Partition_u32
                0x000000000000f79a                QSort_u32
                0x000000000000f7e8                Partition_s32
                0x000000000000f894                QSort_s32
 *fill*         0x000000000000f8e2        0x2 
 .text          0x000000000000f8e4      0x8d2 /opt/toolchains/gen//m68k-elf/lib/libmd.a(string.o)
                0x000000000000f8e4                strlen
                0x000000000000f9d0                strnlen
                0x000000000000fa0e                strcmp
                0x000000000000fa2e                strclr
                0x000000000000fa38                strcpy
                0x000000000000fa4a                strcat
                0x000000000000fa64                strreplace
                0x000000000000fa88                intToStr
                0x000000000000fab6                uintToStr
                0x000000000000fad2                intToHex
                0x000000000000fb86                fix32ToStr
                0x000000000000fc06                fix16ToStr
                0x000000000000fc80                sprintf
 *fill*         0x00000000000101b6        0x2 
 .text          0x00000000000101b8     0x1804 /opt/toolchains/gen//m68k-elf/lib/libmd.a(joy.o)
                0x0000000000010c50                JOY_setEventHandler
                0x0000000000010c5a                JOY_setSupport
                0x0000000000011092                JOY_init
                0x00000000000113d2                JOY_getPortType
                0x00000000000113f2                JOY_getJoypadType
                0x0000000000011412                JOY_readJoypad
                0x0000000000011462                JOY_readJoypadX
                0x0000000000011484                JOY_readJoypadY
                0x00000000000114a6                JOY_update
                0x00000000000118c8                JOY_waitPressTime
                0x000000000001196e                JOY_waitPressBtn
                0x0000000000011984                JOY_waitPressBtnTime
                0x00000000000119a0                JOY_waitPress
 .text          0x00000000000119bc        0xc /opt/toolchains/gen//m68k-elf/lib/libmd.a(types.o)
                0x00000000000119bc                getZeroU8
                0x00000000000119c0                getZeroU16
                0x00000000000119c4                getZeroU32
 .text          0x00000000000119c8       0x22 /opt/toolchains/gen//m68k-elf/lib/gcc/m68k-elf/4.8.2/libgcc.a(_mulsi3.o)
                0x00000000000119c8                __mulsi3
 *fill*         0x00000000000119ea        0x2 
 .text          0x00000000000119ec       0x5c /opt/toolchains/gen//m68k-elf/lib/gcc/m68k-elf/4.8.2/libgcc.a(_udivsi3.o)
                0x00000000000119ec                __udivsi3
 .text          0x0000000000011a48       0x2e /opt/toolchains/gen//m68k-elf/lib/gcc/m68k-elf/4.8.2/libgcc.a(_divsi3.o)
                0x0000000000011a48                __divsi3
 *fill*         0x0000000000011a76        0x2 
 .text          0x0000000000011a78       0x2e /opt/toolchains/gen//m68k-elf/lib/gcc/m68k-elf/4.8.2/libgcc.a(_umodsi3.o)
                0x0000000000011a78                __umodsi3
 *fill*         0x0000000000011aa6        0x2 
 .text          0x0000000000011aa8        0x0 res/resources.o
 .text          0x0000000000011aa8      0x80a main.o
                0x0000000000011ad2                SCENE_Barrel_Create
                0x0000000000011c8c                SCENE_Barrel_Destroy
                0x0000000000011cc8                SCENE_Barrel
 *fill*         0x00000000000122b2        0x2 
 .text          0x00000000000122b4       0x9a sme/sme_vdp.o
                0x00000000000122b4                smeVDP_Initialize
                0x000000000001232e                smeVDP_Finalize
                0x0000000000012330                smeVDP_SetScrollMode
 *fill*         0x000000000001234e        0x2 
 .text          0x0000000000012350       0xb6 sme/sme.o
                0x0000000000012350                sme_Initialize
                0x000000000001235c                sme_Finalize
                0x0000000000012362                sme_Update
                0x000000000001236e                MEM_realloc
                0x00000000000123ee                memcpy_bytes
 *fill*         0x0000000000012406        0x2 
 .text          0x0000000000012408       0x1e sme/sme_screen.o
                0x0000000000012408                smeSCREEN_SetScrollMode
 *fill*         0x0000000000012426        0x2 
 .text          0x0000000000012428       0x1e sme/sme_time.o
                0x0000000000012428                smeTIME_Update
 *fill*         0x0000000000012446        0x2 
 .text          0x0000000000012448      0x18c sme/sme_mesh.o
                0x0000000000012448                smeMESH_Create
                0x00000000000124ac                smeMESH_Destroy
                0x00000000000124ec                smeMESH_SetTranslation
                0x0000000000012510                smeMESH_SetRotation
                0x0000000000012534                smeMESH_CreateCube
 .text          0x00000000000125d4       0x7e sme/sme_framebuffer.o
                0x00000000000125d4                smeFRAMEBUFFER_Initialize
                0x0000000000012622                smeFRAMEBUFFER_Finalize
                0x0000000000012632                smeFRAMEBUFFER_Update
 *fill*         0x0000000000012652        0x2 
 .text          0x0000000000012654      0x144 sme/sme_input.o
                0x0000000000012654                smeINPUTS_Initialize
                0x000000000001266c                smeINPUT_CheckStatus
                0x0000000000012690                smeINPUTS_Update
                0x0000000000012740                smeINPUT_IsPressed
                0x0000000000012754                smeINPUT_IsJustPressed
                0x0000000000012776                smeINPUT_IsJustReleased
 .text          0x0000000000012798       0x3e sme/sme_sound.o
                0x0000000000012798                smeSOUND_GetTime
 *fill*         0x00000000000127d6        0x2 
 .text          0x00000000000127d8      0xace sme/sme_scene.o
                0x00000000000127d8                smeSCENE_Create
                0x00000000000127f6                smeSCENE_Destroy
                0x0000000000012814                smeSCENE_QuickSort
                0x0000000000012984                smeSCENE_GetColor
                0x00000000000129da                smeSCENE_GetPolygonColor
                0x0000000000012a4a                smeSCENE_GetVertexColor
                0x0000000000012ab2                smeSCENE_Update
                0x0000000000013216                smeSCENE_Add
                0x0000000000013246                smeSCENE_Remove
 *fill*         0x00000000000132a6        0x2 
 .text          0x00000000000132a8     0x1c86 sme/sme_raster.o
                0x00000000000132a8                smeRASTER_Dot
                0x00000000000132fc                smeRASTER_PolygonDot
                0x00000000000133e8                smeRASTER_Wire
                0x0000000000013532                smeRASTER_PolygonWire
                0x0000000000013902                smeRASTER_HorizontalLine
                0x00000000000139b6                smeRASTER_PolygonFlat
                0x0000000000013dba                smeRASTER_HorizontalLineGouraud
                0x0000000000013ef4                smeRASTER_PolygonGouraud
                0x0000000000014542                smeRASTER_HorizontalLineTexMap
                0x00000000000146da                smeRASTER_PolygonTexMap
 *fill*         0x0000000000014f2e        0x2 
 .text          0x0000000000014f30      0x110 sme/sme_maths.o
                0x0000000000014f30                cos
                0x0000000000014f94                sin
                0x0000000000014fe8                clamp_angle
                0x000000000001501a                clamp_angle2
 .text          0x0000000000015040       0x30 sme/sme_functions.o
                0x0000000000015040                sme_ExchangeInt
                0x0000000000015050                sme_ExchangeLong
                0x0000000000015060                sme_ExchangeU8
 .text          0x0000000000015070        0x0 /opt/toolchains/gen//m68k-elf/lib/libmd.a(tab_sin.o)
 .text          0x0000000000015070      0xaca /opt/toolchains/gen//m68k-elf/lib/libmd.a(maths3D.o)
                0x0000000000015070                M3D_reset
                0x00000000000150a4                M3D_setLightEnabled
                0x00000000000150ae                M3D_getLightEnabled
                0x00000000000150b6                M3D_setViewport
                0x00000000000150c8                M3D_setCamDistance
                0x00000000000150d2                M3D_setLightXYZ
                0x00000000000150ec                M3D_setLight
                0x0000000000015108                M3D_setTransform
                0x0000000000015126                M3D_setTranslation
                0x0000000000015140                M3D_setRotation
                0x000000000001517c                M3D_buildMat3DOnly
                0x00000000000152d6                M3D_translate
                0x0000000000015326                M3D_rotateInv
                0x00000000000153ee                M3D_resetTransform
                0x0000000000015494                M3D_buildMat3DExtras
                0x00000000000154fe                M3D_combineTransform
                0x0000000000015840                M3D_buildMat3D
                0x0000000000015858                M3D_combineTranslationLeft
                0x00000000000158f8                M3D_combineTranslationRight
                0x0000000000015a42                M3D_rotate
 *fill*         0x0000000000015b3a        0x2 
 .text          0x0000000000015b3c      0x15c /opt/toolchains/gen//m68k-elf/lib/libmd.a(maths3D_a.o)
                0x0000000000015b3c                M3D_transform
                0x0000000000015bbc                M3D_project_f16
                0x0000000000015c28                M3D_project_s16
                0x0000000000015c98                . = ALIGN (0x4)
                0x0000000000015c98                __CTOR_LIST__ = .
                0x0000000000015c98        0x4 LONG 0x0 (((__CTOR_END__ - __CTOR_LIST__) / 0x4) - 0x2)
 *(.ctors)
                0x0000000000015c9c        0x4 LONG 0x0
                0x0000000000015ca0                __CTOR_END__ = .
                0x0000000000015ca0                __DTOR_LIST__ = .
                0x0000000000015ca0        0x4 LONG 0x0 (((__DTOR_END__ - __DTOR_LIST__) / 0x4) - 0x2)
 *(.dtors)
                0x0000000000015ca4        0x4 LONG 0x0
                0x0000000000015ca8                __DTOR_END__ = .
 *(.rodata .rodata.*)
 .rodata.str1.1
                0x0000000000015ca8      0x13e /opt/toolchains/gen//m68k-elf/lib/libmd.a(sys.o)
 .rodata.str1.1
                0x0000000000015de6       0x21 /opt/toolchains/gen//m68k-elf/lib/libmd.a(vdp.o)
                                         0x4c (size before relaxing)
 *fill*         0x0000000000015e07        0x1 
 .rodata        0x0000000000015e08        0x4 /opt/toolchains/gen//m68k-elf/lib/libmd.a(vdp.o)
                0x0000000000015e08                PLAN_A
                0x0000000000015e0a                PLAN_B
 .rodata.str1.1
                0x0000000000000000        0x2 /opt/toolchains/gen//m68k-elf/lib/libmd.a(tools.o)
 .rodata        0x0000000000015e0c      0x104 /opt/toolchains/gen//m68k-elf/lib/libmd.a(vdp_pal.o)
                0x0000000000015e0c                palette_blue
                0x0000000000015e2c                palette_green
                0x0000000000015e4c                palette_red
                0x0000000000015e6c                palette_grey
                0x0000000000015e8c                palette_black
                0x0000000000015e90                palette_black_all
 .rodata        0x0000000000015f10      0xe40 /opt/toolchains/gen//m68k-elf/lib/libmd.a(z80_vgm.o)
                0x0000000000015f10                z80_vgm
 .rodata        0x0000000000016d50      0x6f4 /opt/toolchains/gen//m68k-elf/lib/libmd.a(tab_cnv.o)
                0x0000000000016d50                cnv_bcd_tab
                0x0000000000016db4                cnv_8to32_tab
                0x00000000000171b4                cnv_8to16_tab
                0x00000000000173b4                cnv_4to32_tab
                0x00000000000173f4                cnv_4to16_tab
                0x0000000000017414                cnv_4to8_tab
                0x0000000000017424                cnv_2to32_tab
                0x0000000000017434                cnv_2to16_tab
                0x000000000001743c                cnv_2to8_tab
                0x0000000000017440                cnv_2to4_tab
 .rodata        0x0000000000017444      0xcec /opt/toolchains/gen//m68k-elf/lib/libmd.a(libres.o)
                0x0000000000017dea                logo_lib
                0x0000000000018054                font_lib
                0x000000000001807c                font_pal_lib
                0x0000000000018084                stop_xgm
 .rodata        0x0000000000018130     0x1000 /opt/toolchains/gen//m68k-elf/lib/libmd.a(tab_vol.o)
                0x0000000000018130                tab_vol
 .rodata.str1.1
                0x0000000000019130       0x29 /opt/toolchains/gen//m68k-elf/lib/libmd.a(string.o)
 *fill*         0x0000000000019159        0x1 
 .rodata        0x000000000001915a       0x18 /opt/toolchains/gen//m68k-elf/lib/libmd.a(joy.o)
 .rodata        0x0000000000019172     0xf37c res/resources.o
                0x000000000001e19a                test
                0x00000000000284e2                barrel
 .rodata        0x00000000000284ee      0x138 sme/sme_mesh.o
                0x00000000000284ee                smeMESH_CubePolygons
                0x0000000000028536                smeMESH_CubeUVs
                0x0000000000028596                smeMESH_CubeVertexes
 .rodata        0x0000000000028626        0x4 sme/sme_framebuffer.o
                0x0000000000028626                smeFRAMEBUFFER_Height
                0x0000000000028628                smeFRAMEBUFFER_Width
 .rodata        0x000000000002862a       0x1c sme/sme_maths.o
                0x000000000002862a                fSQRT2
                0x000000000002862e                fPIo4
                0x0000000000028632                fPI74
                0x0000000000028636                fPI34
                0x000000000002863a                fPIo2
                0x000000000002863e                fPI2
                0x0000000000028642                fPI
 .rodata        0x0000000000028646     0x1800 /opt/toolchains/gen//m68k-elf/lib/libmd.a(tab_sin.o)
                0x0000000000028646                sintab16
                0x0000000000028e46                sintab32
 *(.gcc_except_table .gcc_except_table.*)
                0x0000000000029e48                . = ALIGN (0x4)
 *fill*         0x0000000000029e46        0x2 
                0x0000000000029e48                __INIT_SECTION__ = .
 *(.init)
                0x0000000000029e48        0x2 SHORT 0x4e75
                0x0000000000029e4a                __FINI_SECTION__ = .
 *(.fini)
                0x0000000000029e4a        0x2 SHORT 0x4e75
                0x0000000000029e4c                _etext = .
 *(.lit)
                0x0000000000029e4c                _stext = SIZEOF (.text)

.data           0x0000000000ff0000        0x8 load address 0x0000000000029e4c
 *(.got.plt)
 *(.got)
 *(.shdata)
 *(.data .data.*)
 .data          0x0000000000ff0000        0x0 boot/sega.o
 .data          0x0000000000ff0000        0x0 /opt/toolchains/gen//m68k-elf/lib/libmd.a(sys.o)
 .data          0x0000000000ff0000        0x0 /opt/toolchains/gen//m68k-elf/lib/libmd.a(vdp.o)
 .data          0x0000000000ff0000        0x4 /opt/toolchains/gen//m68k-elf/lib/libmd.a(dma.o)
 .data          0x0000000000ff0004        0x0 /opt/toolchains/gen//m68k-elf/lib/libmd.a(tools.o)
 .data          0x0000000000ff0004        0x0 /opt/toolchains/gen//m68k-elf/lib/libmd.a(memory.o)
 .data          0x0000000000ff0004        0x0 /opt/toolchains/gen//m68k-elf/lib/libmd.a(timer.o)
 .data          0x0000000000ff0004        0x0 /opt/toolchains/gen//m68k-elf/lib/libmd.a(z80_ctrl.o)
 .data          0x0000000000ff0004        0x0 /opt/toolchains/gen//m68k-elf/lib/libmd.a(sound.o)
 .data          0x0000000000ff0004        0x0 /opt/toolchains/gen//m68k-elf/lib/libmd.a(ym2612.o)
 .data          0x0000000000ff0004        0x0 /opt/toolchains/gen//m68k-elf/lib/libmd.a(vdp_pal.o)
 .data          0x0000000000ff0004        0x0 /opt/toolchains/gen//m68k-elf/lib/libmd.a(psg.o)
 .data          0x0000000000ff0004        0x0 /opt/toolchains/gen//m68k-elf/lib/libmd.a(z80_vgm.o)
 .data          0x0000000000ff0004        0x0 /opt/toolchains/gen//m68k-elf/lib/libmd.a(vdp_tile.o)
 .data          0x0000000000ff0004        0x0 /opt/toolchains/gen//m68k-elf/lib/libmd.a(vdp_spr.o)
 .data          0x0000000000ff0004        0x0 /opt/toolchains/gen//m68k-elf/lib/libmd.a(tab_cnv.o)
 .data          0x0000000000ff0004        0x0 /opt/toolchains/gen//m68k-elf/lib/libmd.a(vdp_dma.o)
 .data          0x0000000000ff0004        0x0 /opt/toolchains/gen//m68k-elf/lib/libmd.a(bmp.o)
 .data          0x0000000000ff0004        0x0 /opt/toolchains/gen//m68k-elf/lib/libmd.a(tile_cache.o)
 .data          0x0000000000ff0004        0x0 /opt/toolchains/gen//m68k-elf/lib/libmd.a(vdp_bg.o)
 .data          0x0000000000ff0004        0x0 /opt/toolchains/gen//m68k-elf/lib/libmd.a(smp_null_pcm.o)
 .data          0x0000000000ff0004        0x0 /opt/toolchains/gen//m68k-elf/lib/libmd.a(vdp_tile_a.o)
 .data          0x0000000000ff0004        0x0 /opt/toolchains/gen//m68k-elf/lib/libmd.a(memory_a.o)
 .data          0x0000000000ff0004        0x0 /opt/toolchains/gen//m68k-elf/lib/libmd.a(vdp_pal_a.o)
 .data          0x0000000000ff0004        0x0 /opt/toolchains/gen//m68k-elf/lib/libmd.a(sys_a.o)
 .data          0x0000000000ff0004        0x0 /opt/toolchains/gen//m68k-elf/lib/libmd.a(kdebug.o)
 .data          0x0000000000ff0004        0x0 /opt/toolchains/gen//m68k-elf/lib/libmd.a(smp_null.o)
 .data          0x0000000000ff0004        0x0 /opt/toolchains/gen//m68k-elf/lib/libmd.a(bmp_a.o)
 .data          0x0000000000ff0004        0x0 /opt/toolchains/gen//m68k-elf/lib/libmd.a(tools_a.o)
 .data          0x0000000000ff0004        0x0 /opt/toolchains/gen//m68k-elf/lib/libmd.a(z80_drv1.o)
 .data          0x0000000000ff0004        0x0 /opt/toolchains/gen//m68k-elf/lib/libmd.a(z80_tfm.o)
 .data          0x0000000000ff0004        0x0 /opt/toolchains/gen//m68k-elf/lib/libmd.a(z80_drv2.o)
 .data          0x0000000000ff0004        0x0 /opt/toolchains/gen//m68k-elf/lib/libmd.a(z80_drv3.o)
 .data          0x0000000000ff0004        0x0 /opt/toolchains/gen//m68k-elf/lib/libmd.a(z80_xgm.o)
 .data          0x0000000000ff0004        0x0 /opt/toolchains/gen//m68k-elf/lib/libmd.a(z80_mvs.o)
 .data          0x0000000000ff0004        0x0 /opt/toolchains/gen//m68k-elf/lib/libmd.a(libres.o)
 .data          0x0000000000ff0004        0x0 /opt/toolchains/gen//m68k-elf/lib/libmd.a(tab_vol.o)
 .data          0x0000000000ff0004        0x0 /opt/toolchains/gen//m68k-elf/lib/libmd.a(maths.o)
 .data          0x0000000000ff0004        0x0 /opt/toolchains/gen//m68k-elf/lib/libmd.a(string.o)
 .data          0x0000000000ff0004        0x0 /opt/toolchains/gen//m68k-elf/lib/libmd.a(joy.o)
 .data          0x0000000000ff0004        0x0 /opt/toolchains/gen//m68k-elf/lib/libmd.a(types.o)
 .data          0x0000000000ff0004        0x0 /opt/toolchains/gen//m68k-elf/lib/gcc/m68k-elf/4.8.2/libgcc.a(_mulsi3.o)
 .data          0x0000000000ff0004        0x0 /opt/toolchains/gen//m68k-elf/lib/gcc/m68k-elf/4.8.2/libgcc.a(_udivsi3.o)
 .data          0x0000000000ff0004        0x0 /opt/toolchains/gen//m68k-elf/lib/gcc/m68k-elf/4.8.2/libgcc.a(_divsi3.o)
 .data          0x0000000000ff0004        0x0 /opt/toolchains/gen//m68k-elf/lib/gcc/m68k-elf/4.8.2/libgcc.a(_umodsi3.o)
 .data          0x0000000000ff0004        0x0 res/resources.o
 .data          0x0000000000ff0004        0x4 main.o
                0x0000000000ff0004                SCENE_Barrel_Depth
 .data          0x0000000000ff0008        0x0 sme/sme_vdp.o
 .data          0x0000000000ff0008        0x0 sme/sme.o
 .data          0x0000000000ff0008        0x0 sme/sme_screen.o
 .data          0x0000000000ff0008        0x0 sme/sme_time.o
 .data          0x0000000000ff0008        0x0 sme/sme_mesh.o
 .data          0x0000000000ff0008        0x0 sme/sme_framebuffer.o
 .data          0x0000000000ff0008        0x0 sme/sme_input.o
 .data          0x0000000000ff0008        0x0 sme/sme_sound.o
 .data          0x0000000000ff0008        0x0 sme/sme_scene.o
 .data          0x0000000000ff0008        0x0 sme/sme_raster.o
 .data          0x0000000000ff0008        0x0 sme/sme_maths.o
 .data          0x0000000000ff0008        0x0 sme/sme_functions.o
 .data          0x0000000000ff0008        0x0 /opt/toolchains/gen//m68k-elf/lib/libmd.a(tab_sin.o)
 .data          0x0000000000ff0008        0x0 /opt/toolchains/gen//m68k-elf/lib/libmd.a(maths3D.o)
 .data          0x0000000000ff0008        0x0 /opt/toolchains/gen//m68k-elf/lib/libmd.a(maths3D_a.o)
                0x0000000000ff0008                _edata = .
                0x0000000000000008                _sdata = SIZEOF (.data)

.bss            0x0000000000ff0008     0x2f12 load address 0x0000000000029e54
                0x0000000000ff0008                _start = .
 *(.shbss)
 *(.bss .bss.*)
 .bss           0x0000000000ff0008        0x0 boot/sega.o
 .bss           0x0000000000ff0008       0x14 /opt/toolchains/gen//m68k-elf/lib/libmd.a(sys.o)
 .bss           0x0000000000ff001c       0x13 /opt/toolchains/gen//m68k-elf/lib/libmd.a(vdp.o)
 *fill*         0x0000000000ff002f        0x1 
 .bss           0x0000000000ff0030        0xc /opt/toolchains/gen//m68k-elf/lib/libmd.a(dma.o)
 .bss           0x0000000000ff003c       0x10 /opt/toolchains/gen//m68k-elf/lib/libmd.a(tools.o)
 .bss           0x0000000000ff004c        0x8 /opt/toolchains/gen//m68k-elf/lib/libmd.a(memory.o)
 .bss           0x0000000000ff0054       0x40 /opt/toolchains/gen//m68k-elf/lib/libmd.a(timer.o)
 .bss           0x0000000000ff0094        0x0 /opt/toolchains/gen//m68k-elf/lib/libmd.a(z80_ctrl.o)
 .bss           0x0000000000ff0094       0x8c /opt/toolchains/gen//m68k-elf/lib/libmd.a(sound.o)
 .bss           0x0000000000ff0120        0x0 /opt/toolchains/gen//m68k-elf/lib/libmd.a(ym2612.o)
 .bss           0x0000000000ff0120      0x386 /opt/toolchains/gen//m68k-elf/lib/libmd.a(vdp_pal.o)
 *fill*         0x0000000000ff04a6        0x2 
 .bss           0x0000000000ff04a8        0x0 /opt/toolchains/gen//m68k-elf/lib/libmd.a(psg.o)
 .bss           0x0000000000ff04a8        0x0 /opt/toolchains/gen//m68k-elf/lib/libmd.a(z80_vgm.o)
 .bss           0x0000000000ff04a8        0x0 /opt/toolchains/gen//m68k-elf/lib/libmd.a(vdp_tile.o)
 .bss           0x0000000000ff04a8        0x0 /opt/toolchains/gen//m68k-elf/lib/libmd.a(vdp_spr.o)
 .bss           0x0000000000ff04a8        0x0 /opt/toolchains/gen//m68k-elf/lib/libmd.a(tab_cnv.o)
 .bss           0x0000000000ff04a8        0x0 /opt/toolchains/gen//m68k-elf/lib/libmd.a(vdp_dma.o)
 .bss           0x0000000000ff04a8       0x14 /opt/toolchains/gen//m68k-elf/lib/libmd.a(bmp.o)
 .bss           0x0000000000ff04bc        0x4 /opt/toolchains/gen//m68k-elf/lib/libmd.a(tile_cache.o)
 .bss           0x0000000000ff04c0        0x0 /opt/toolchains/gen//m68k-elf/lib/libmd.a(vdp_bg.o)
 .bss           0x0000000000ff04c0        0x0 /opt/toolchains/gen//m68k-elf/lib/libmd.a(smp_null_pcm.o)
 .bss           0x0000000000ff04c0        0x0 /opt/toolchains/gen//m68k-elf/lib/libmd.a(vdp_tile_a.o)
 .bss           0x0000000000ff04c0        0x0 /opt/toolchains/gen//m68k-elf/lib/libmd.a(memory_a.o)
 .bss           0x0000000000ff04c0        0x0 /opt/toolchains/gen//m68k-elf/lib/libmd.a(vdp_pal_a.o)
 .bss           0x0000000000ff04c0        0x0 /opt/toolchains/gen//m68k-elf/lib/libmd.a(sys_a.o)
 .bss           0x0000000000ff04c0        0x0 /opt/toolchains/gen//m68k-elf/lib/libmd.a(kdebug.o)
 .bss           0x0000000000ff04c0        0x0 /opt/toolchains/gen//m68k-elf/lib/libmd.a(smp_null.o)
 .bss           0x0000000000ff04c0        0x0 /opt/toolchains/gen//m68k-elf/lib/libmd.a(bmp_a.o)
 .bss           0x0000000000ff04c0        0x0 /opt/toolchains/gen//m68k-elf/lib/libmd.a(tools_a.o)
 .bss           0x0000000000ff04c0        0x0 /opt/toolchains/gen//m68k-elf/lib/libmd.a(z80_drv1.o)
 .bss           0x0000000000ff04c0        0x0 /opt/toolchains/gen//m68k-elf/lib/libmd.a(z80_tfm.o)
 .bss           0x0000000000ff04c0        0x0 /opt/toolchains/gen//m68k-elf/lib/libmd.a(z80_drv2.o)
 .bss           0x0000000000ff04c0        0x0 /opt/toolchains/gen//m68k-elf/lib/libmd.a(z80_drv3.o)
 .bss           0x0000000000ff04c0        0x0 /opt/toolchains/gen//m68k-elf/lib/libmd.a(z80_xgm.o)
 .bss           0x0000000000ff04c0        0x0 /opt/toolchains/gen//m68k-elf/lib/libmd.a(z80_mvs.o)
 .bss           0x0000000000ff04c0        0x0 /opt/toolchains/gen//m68k-elf/lib/libmd.a(libres.o)
 .bss           0x0000000000ff04c0        0x0 /opt/toolchains/gen//m68k-elf/lib/libmd.a(tab_vol.o)
 .bss           0x0000000000ff04c0        0x0 /opt/toolchains/gen//m68k-elf/lib/libmd.a(maths.o)
 .bss           0x0000000000ff04c0        0x0 /opt/toolchains/gen//m68k-elf/lib/libmd.a(string.o)
 .bss           0x0000000000ff04c0       0x46 /opt/toolchains/gen//m68k-elf/lib/libmd.a(joy.o)
 *fill*         0x0000000000ff0506        0x2 
 .bss           0x0000000000ff0508        0x0 /opt/toolchains/gen//m68k-elf/lib/libmd.a(types.o)
 .bss           0x0000000000ff0508        0x0 /opt/toolchains/gen//m68k-elf/lib/gcc/m68k-elf/4.8.2/libgcc.a(_mulsi3.o)
 .bss           0x0000000000ff0508        0x0 /opt/toolchains/gen//m68k-elf/lib/gcc/m68k-elf/4.8.2/libgcc.a(_udivsi3.o)
 .bss           0x0000000000ff0508        0x0 /opt/toolchains/gen//m68k-elf/lib/gcc/m68k-elf/4.8.2/libgcc.a(_divsi3.o)
 .bss           0x0000000000ff0508        0x0 /opt/toolchains/gen//m68k-elf/lib/gcc/m68k-elf/4.8.2/libgcc.a(_umodsi3.o)
 .bss           0x0000000000ff0508        0x0 res/resources.o
 .bss           0x0000000000ff0508        0x0 main.o
 .bss           0x0000000000ff0508        0x0 sme/sme_vdp.o
 .bss           0x0000000000ff0508        0x0 sme/sme.o
 .bss           0x0000000000ff0508        0x0 sme/sme_screen.o
 .bss           0x0000000000ff0508        0x8 sme/sme_time.o
                0x0000000000ff0508                sme_Last
                0x0000000000ff050c                sme_DeltaTime
 .bss           0x0000000000ff0510        0x0 sme/sme_mesh.o
 .bss           0x0000000000ff0510        0x0 sme/sme_framebuffer.o
 .bss           0x0000000000ff0510        0x0 sme/sme_input.o
 .bss           0x0000000000ff0510        0x0 sme/sme_sound.o
 .bss           0x0000000000ff0510        0x0 sme/sme_scene.o
 .bss           0x0000000000ff0510        0x0 sme/sme_raster.o
 .bss           0x0000000000ff0510        0x0 sme/sme_maths.o
 .bss           0x0000000000ff0510        0x0 sme/sme_functions.o
 .bss           0x0000000000ff0510        0x0 /opt/toolchains/gen//m68k-elf/lib/libmd.a(tab_sin.o)
 .bss           0x0000000000ff0510        0x0 /opt/toolchains/gen//m68k-elf/lib/libmd.a(maths3D.o)
 .bss           0x0000000000ff0510        0x0 /opt/toolchains/gen//m68k-elf/lib/libmd.a(maths3D_a.o)
 *(COMMON)
 COMMON         0x0000000000ff0510       0x94 /opt/toolchains/gen//m68k-elf/lib/libmd.a(sys.o)
                0x0000000000ff0510                illegalInstCB
                0x0000000000ff0514                errorExceptionCB
                0x0000000000ff0518                trapvInstCB
                0x0000000000ff051c                chkInstCB
                0x0000000000ff0520                registerState
                0x0000000000ff0560                srState
                0x0000000000ff0562                line1x1xCB
                0x0000000000ff0566                ext2State
                0x0000000000ff0568                traceCB
                0x0000000000ff056c                intTrace
                0x0000000000ff056e                zeroDivideCB
                0x0000000000ff0572                internalExtIntCB
                0x0000000000ff0576                internalVIntCB
                0x0000000000ff057a                intCB
                0x0000000000ff057e                addressErrorCB
                0x0000000000ff0582                VIntProcess
                0x0000000000ff0586                ExtIntProcess
                0x0000000000ff058a                HIntProcess
                0x0000000000ff058e                privilegeViolationCB
                0x0000000000ff0592                pcState
                0x0000000000ff0596                ext1State
                0x0000000000ff0598                busErrorCB
                0x0000000000ff059c                internalHIntCB
                0x0000000000ff05a0                addrState
 COMMON         0x0000000000ff05a4        0xe /opt/toolchains/gen//m68k-elf/lib/libmd.a(vdp.o)
                0x0000000000ff05a4                slist_adr
                0x0000000000ff05a6                hscrl_adr
                0x0000000000ff05a8                screenHeight
                0x0000000000ff05aa                screenWidth
                0x0000000000ff05ac                aplan_adr
                0x0000000000ff05ae                bplan_adr
                0x0000000000ff05b0                window_adr
 COMMON         0x0000000000ff05b2      0x200 /opt/toolchains/gen//m68k-elf/lib/libmd.a(dma.o)
                0x0000000000ff05b2                dmaQueues
 COMMON         0x0000000000ff07b2        0x4 /opt/toolchains/gen//m68k-elf/lib/libmd.a(timer.o)
                0x0000000000ff07b2                vtimer
 COMMON         0x0000000000ff07b6        0x4 /opt/toolchains/gen//m68k-elf/lib/libmd.a(z80_ctrl.o)
                0x0000000000ff07b6                driverFlags
                0x0000000000ff07b8                currentDriver
 COMMON         0x0000000000ff07ba      0x282 /opt/toolchains/gen//m68k-elf/lib/libmd.a(vdp_spr.o)
                0x0000000000ff07ba                spriteNum
                0x0000000000ff07bc                vdpSpriteCache
 COMMON         0x0000000000ff0a3c        0x8 /opt/toolchains/gen//m68k-elf/lib/libmd.a(bmp.o)
                0x0000000000ff0a3c                bmp_buffer_write
                0x0000000000ff0a40                bmp_buffer_read
 COMMON         0x0000000000ff0a44        0x4 /opt/toolchains/gen//m68k-elf/lib/libmd.a(tile_cache.o)
                0x0000000000ff0a44                uploads
 COMMON         0x0000000000ff0a48        0x8 /opt/toolchains/gen//m68k-elf/lib/libmd.a(vdp_bg.o)
                0x0000000000ff0a48                text_basetile
                0x0000000000ff0a4a                curTileInd
                0x0000000000ff0a4c                text_plan
 COMMON         0x0000000000ff0a50        0x2 /opt/toolchains/gen//m68k-elf/lib/libmd.a(maths.o)
                0x0000000000ff0a50                randbase
 COMMON         0x0000000000ff0a52       0x20 main.o
                0x0000000000ff0a52                SCENE_Barrel_BitmapWidth
                0x0000000000ff0a56                SCENE_Barrel_BitmapHeight
                0x0000000000ff0a5a                SCENE_Barrel_Mesh
                0x0000000000ff0a5e                SCENE_Barrel_Scanlines
                0x0000000000ff0a62                SCENE_Barrel_FrameBuffers
                0x0000000000ff0a6a                SCENE_Barrel_Height
                0x0000000000ff0a6e                SCENE_Barrel_DepthBuffer
 COMMON         0x0000000000ff0a72       0x10 sme/sme_vdp.o
                0x0000000000ff0a72                smeSCREEN_Height16
                0x0000000000ff0a74                smePLAN_HEIGHT
                0x0000000000ff0a76                smeSCREEN_Width16
                0x0000000000ff0a78                smeSCREEN_Height8
                0x0000000000ff0a7a                smeSCREEN_Width8
                0x0000000000ff0a7c                smePLAN_WIDTH
                0x0000000000ff0a7e                smeSCREEN_Height2
                0x0000000000ff0a80                smeSCREEN_Width2
 COMMON         0x0000000000ff0a82        0x8 sme/sme_framebuffer.o
                0x0000000000ff0a82                smeFRAMEBUFFER
                0x0000000000ff0a86                smeFRAMEBUFFER_Offsets
 COMMON         0x0000000000ff0a8a       0x12 sme/sme_input.o
                0x0000000000ff0a8a                smeINPUT_States
                0x0000000000ff0a9a                smeINPUT_Value
 COMMON         0x0000000000ff0a9c     0x2470 sme/sme_scene.o
                0x0000000000ff0a9c                smeSCENE
 COMMON         0x0000000000ff2f0c        0xe /opt/toolchains/gen//m68k-elf/lib/libmd.a(maths3D.o)
                0x0000000000ff2f0c                context3D
                0x0000000000ff2f1a                _bend = .

.stab
 *(.stab)

.stabstr
 *(.stabstr)

.eh_frame
 *(.eh_frame)
LOAD boot/sega.o
LOAD /opt/toolchains/gen//m68k-elf/lib/libmd.a
LOAD /opt/toolchains/gen//m68k-elf/lib/gcc/m68k-elf/4.8.2/libgcc.a
LOAD res/resources.o
LOAD main.o
LOAD sme/sme_vdp.o
LOAD sme/sme.o
LOAD sme/sme_screen.o
LOAD sme/sme_time.o
LOAD sme/sme_mesh.o
LOAD sme/sme_framebuffer.o
LOAD sme/sme_input.o
LOAD sme/sme_sound.o
LOAD sme/sme_scene.o
LOAD sme/sme_raster.o
LOAD sme/sme_maths.o
LOAD sme/sme_functions.o
LOAD /opt/toolchains/gen//m68k-elf/lib/libmd.a
LOAD /opt/toolchains/gen//m68k-elf/m68k-elf/lib/libnosys.a
OUTPUT(out.elf elf32-m68k)

.comment        0x0000000000000000       0x11
 .comment       0x0000000000000000       0x11 /opt/toolchains/gen//m68k-elf/lib/libmd.a(sys.o)
                                         0x12 (size before relaxing)
 .comment       0x0000000000000000       0x12 /opt/toolchains/gen//m68k-elf/lib/libmd.a(vdp.o)
 .comment       0x0000000000000000       0x12 /opt/toolchains/gen//m68k-elf/lib/libmd.a(dma.o)
 .comment       0x0000000000000000       0x12 /opt/toolchains/gen//m68k-elf/lib/libmd.a(tools.o)
 .comment       0x0000000000000000       0x12 /opt/toolchains/gen//m68k-elf/lib/libmd.a(memory.o)
 .comment       0x0000000000000000       0x12 /opt/toolchains/gen//m68k-elf/lib/libmd.a(timer.o)
 .comment       0x0000000000000000       0x12 /opt/toolchains/gen//m68k-elf/lib/libmd.a(z80_ctrl.o)
 .comment       0x0000000000000000       0x12 /opt/toolchains/gen//m68k-elf/lib/libmd.a(sound.o)
 .comment       0x0000000000000000       0x12 /opt/toolchains/gen//m68k-elf/lib/libmd.a(ym2612.o)
 .comment       0x0000000000000000       0x12 /opt/toolchains/gen//m68k-elf/lib/libmd.a(vdp_pal.o)
 .comment       0x0000000000000000       0x12 /opt/toolchains/gen//m68k-elf/lib/libmd.a(psg.o)
 .comment       0x0000000000000000       0x12 /opt/toolchains/gen//m68k-elf/lib/libmd.a(z80_vgm.o)
 .comment       0x0000000000000000       0x12 /opt/toolchains/gen//m68k-elf/lib/libmd.a(vdp_tile.o)
 .comment       0x0000000000000000       0x12 /opt/toolchains/gen//m68k-elf/lib/libmd.a(vdp_spr.o)
 .comment       0x0000000000000000       0x12 /opt/toolchains/gen//m68k-elf/lib/libmd.a(tab_cnv.o)
 .comment       0x0000000000000000       0x12 /opt/toolchains/gen//m68k-elf/lib/libmd.a(vdp_dma.o)
 .comment       0x0000000000000000       0x12 /opt/toolchains/gen//m68k-elf/lib/libmd.a(bmp.o)
 .comment       0x0000000000000000       0x12 /opt/toolchains/gen//m68k-elf/lib/libmd.a(tile_cache.o)
 .comment       0x0000000000000000       0x12 /opt/toolchains/gen//m68k-elf/lib/libmd.a(vdp_bg.o)
 .comment       0x0000000000000000       0x12 /opt/toolchains/gen//m68k-elf/lib/libmd.a(tab_vol.o)
 .comment       0x0000000000000000       0x12 /opt/toolchains/gen//m68k-elf/lib/libmd.a(maths.o)
 .comment       0x0000000000000000       0x12 /opt/toolchains/gen//m68k-elf/lib/libmd.a(string.o)
 .comment       0x0000000000000000       0x12 /opt/toolchains/gen//m68k-elf/lib/libmd.a(joy.o)
 .comment       0x0000000000000000       0x12 /opt/toolchains/gen//m68k-elf/lib/libmd.a(types.o)
 .comment       0x0000000000000000       0x12 main.o
 .comment       0x0000000000000000       0x12 sme/sme_vdp.o
 .comment       0x0000000000000000       0x12 sme/sme.o
 .comment       0x0000000000000000       0x12 sme/sme_screen.o
 .comment       0x0000000000000000       0x12 sme/sme_time.o
 .comment       0x0000000000000000       0x12 sme/sme_mesh.o
 .comment       0x0000000000000000       0x12 sme/sme_framebuffer.o
 .comment       0x0000000000000000       0x12 sme/sme_input.o
 .comment       0x0000000000000000       0x12 sme/sme_sound.o
 .comment       0x0000000000000000       0x12 sme/sme_scene.o
 .comment       0x0000000000000000       0x12 sme/sme_raster.o
 .comment       0x0000000000000000       0x12 sme/sme_maths.o
 .comment       0x0000000000000000       0x12 sme/sme_functions.o
 .comment       0x0000000000000000       0x12 /opt/toolchains/gen//m68k-elf/lib/libmd.a(tab_sin.o)
 .comment       0x0000000000000000       0x12 /opt/toolchains/gen//m68k-elf/lib/libmd.a(maths3D.o)

.debug_line     0x0000000000000000      0x1cd
 .debug_line    0x0000000000000000       0x6a /opt/toolchains/gen//m68k-elf/lib/gcc/m68k-elf/4.8.2/libgcc.a(_mulsi3.o)
 .debug_line    0x000000000000006a       0x83 /opt/toolchains/gen//m68k-elf/lib/gcc/m68k-elf/4.8.2/libgcc.a(_udivsi3.o)
 .debug_line    0x00000000000000ed       0x72 /opt/toolchains/gen//m68k-elf/lib/gcc/m68k-elf/4.8.2/libgcc.a(_divsi3.o)
 .debug_line    0x000000000000015f       0x6e /opt/toolchains/gen//m68k-elf/lib/gcc/m68k-elf/4.8.2/libgcc.a(_umodsi3.o)

.debug_info     0x0000000000000000      0x288
 .debug_info    0x0000000000000000       0xa2 /opt/toolchains/gen//m68k-elf/lib/gcc/m68k-elf/4.8.2/libgcc.a(_mulsi3.o)
 .debug_info    0x00000000000000a2       0xa2 /opt/toolchains/gen//m68k-elf/lib/gcc/m68k-elf/4.8.2/libgcc.a(_udivsi3.o)
 .debug_info    0x0000000000000144       0xa2 /opt/toolchains/gen//m68k-elf/lib/gcc/m68k-elf/4.8.2/libgcc.a(_divsi3.o)
 .debug_info    0x00000000000001e6       0xa2 /opt/toolchains/gen//m68k-elf/lib/gcc/m68k-elf/4.8.2/libgcc.a(_umodsi3.o)

.debug_abbrev   0x0000000000000000       0x50
 .debug_abbrev  0x0000000000000000       0x14 /opt/toolchains/gen//m68k-elf/lib/gcc/m68k-elf/4.8.2/libgcc.a(_mulsi3.o)
 .debug_abbrev  0x0000000000000014       0x14 /opt/toolchains/gen//m68k-elf/lib/gcc/m68k-elf/4.8.2/libgcc.a(_udivsi3.o)
 .debug_abbrev  0x0000000000000028       0x14 /opt/toolchains/gen//m68k-elf/lib/gcc/m68k-elf/4.8.2/libgcc.a(_divsi3.o)
 .debug_abbrev  0x000000000000003c       0x14 /opt/toolchains/gen//m68k-elf/lib/gcc/m68k-elf/4.8.2/libgcc.a(_umodsi3.o)

.debug_aranges  0x0000000000000000       0x80
 .debug_aranges
                0x0000000000000000       0x20 /opt/toolchains/gen//m68k-elf/lib/gcc/m68k-elf/4.8.2/libgcc.a(_mulsi3.o)
 .debug_aranges
                0x0000000000000020       0x20 /opt/toolchains/gen//m68k-elf/lib/gcc/m68k-elf/4.8.2/libgcc.a(_udivsi3.o)
 .debug_aranges
                0x0000000000000040       0x20 /opt/toolchains/gen//m68k-elf/lib/gcc/m68k-elf/4.8.2/libgcc.a(_divsi3.o)
 .debug_aranges
                0x0000000000000060       0x20 /opt/toolchains/gen//m68k-elf/lib/gcc/m68k-elf/4.8.2/libgcc.a(_umodsi3.o)
